2026-05-13 15:46:17 | Monitor: on
2026-05-13 15:46:42 | Screen unlocked
2026-05-13 15:46:42 | New day boundary — reset counters
2026-05-13 15:46:42 | Timer START | Session #100 | UTC: 2026-05-13T22:46:42.3268891Z
2026-05-13 15:46:42 | Screen unlocked
2026-05-13 15:51:36 | Log uploaded to GitHub: logs/2026-05-13.log
2026-05-13 16:21:36 | Log uploaded to GitHub: logs/2026-05-13.log
2026-05-13 16:51:36 | Log uploaded to GitHub: logs/2026-05-13.log
2026-05-13 17:00:27 | Screen locked
2026-05-13 17:00:27 | Timer END   | Session #100 | Reason: locked | Today: 1:13
2026-05-13 17:00:27 | Screen locked
2026-05-13 17:00:27 | Monitor: off
2026-05-13 19:11:07 | Monitor: on
2026-05-13 19:11:21 | Screen unlocked
2026-05-13 19:11:21 | Timer START | Session #101 | UTC: 2026-05-14T02:11:21.6042100Z
2026-05-13 19:11:21 | Screen unlocked
2026-05-13 19:32:08 | Log uploaded to GitHub: logs/2026-05-13.log
2026-05-13 19:58:13 | Screen locked
2026-05-13 19:58:13 | Timer END   | Session #101 | Reason: locked | Today: 2:00
2026-05-13 19:58:13 | Screen locked
2026-05-13 19:58:13 | Monitor: off
2026-05-13 19:59:27 | Monitor: on
2026-05-13 19:59:31 | Screen unlocked
2026-05-13 19:59:31 | Timer START | Session #102 | UTC: 2026-05-14T02:59:31.3818020Z
2026-05-13 19:59:31 | Screen unlocked
