2026-06-21 07:28:33 | Monitor: on
2026-06-21 07:28:38 | Screen unlocked
2026-06-21 07:28:38 | New day boundary — reset counters
2026-06-21 07:28:38 | Timer START | Session #258 | UTC: 2026-06-21T14:28:38.5671626Z
2026-06-21 07:28:38 | Screen unlocked
2026-06-21 07:57:01 | Log uploaded to GitHub: logs/2026-06-21.log
2026-06-21 08:27:01 | Log uploaded to GitHub: logs/2026-06-21.log
2026-06-21 08:57:01 | Log uploaded to GitHub: logs/2026-06-21.log
2026-06-21 09:10:16 | Screen locked
2026-06-21 09:10:16 | Timer END   | Session #258 | Reason: locked | Today: 1:41
2026-06-21 09:10:16 | Monitor: off
2026-06-21 09:10:16 | Screen locked
2026-06-21 09:36:30 | Monitor: on
2026-06-21 09:36:33 | Screen unlocked
2026-06-21 09:36:33 | Timer START | Session #259 | UTC: 2026-06-21T16:36:33.6242662Z
2026-06-21 09:36:33 | Screen unlocked
2026-06-21 09:53:08 | Log uploaded to GitHub: logs/2026-06-21.log
2026-06-21 09:55:14 | Screen locked
2026-06-21 09:55:14 | Timer END   | Session #259 | Reason: locked | Today: 2:00
2026-06-21 09:55:14 | Monitor: off
2026-06-21 09:55:14 | Screen locked
2026-06-21 18:04:07 | Monitor: on
2026-06-21 18:04:18 | Screen unlocked
2026-06-21 18:04:18 | Timer START | Session #260 | UTC: 2026-06-22T01:04:18.4052923Z
2026-06-21 18:04:18 | Screen unlocked
2026-06-21 18:19:30 | Screen locked
2026-06-21 18:19:30 | Timer END   | Session #260 | Reason: locked | Today: 2:15
2026-06-21 18:19:30 | Screen locked
2026-06-21 18:19:30 | Monitor: off
2026-06-21 18:20:08 | Monitor: on
2026-06-21 18:20:11 | Screen unlocked
2026-06-21 18:20:11 | Timer START | Session #261 | UTC: 2026-06-22T01:20:11.7555174Z
2026-06-21 18:20:11 | Screen unlocked
