2026-05-07 00:06:57 | Log uploaded to GitHub: logs/2026-05-07.log
2026-05-07 00:36:57 | Log uploaded to GitHub: logs/2026-05-07.log
2026-05-07 01:06:57 | Log uploaded to GitHub: logs/2026-05-07.log
2026-05-07 01:36:57 | Log uploaded to GitHub: logs/2026-05-07.log
2026-05-07 02:06:56 | Log uploaded to GitHub: logs/2026-05-07.log
2026-05-07 02:36:56 | Log uploaded to GitHub: logs/2026-05-07.log
2026-05-07 03:06:56 | Log uploaded to GitHub: logs/2026-05-07.log
2026-05-07 03:36:56 | Log uploaded to GitHub: logs/2026-05-07.log
2026-05-07 04:06:56 | Log uploaded to GitHub: logs/2026-05-07.log
2026-05-07 04:36:56 | Log uploaded to GitHub: logs/2026-05-07.log
2026-05-07 05:06:56 | Log uploaded to GitHub: logs/2026-05-07.log
2026-05-07 05:36:56 | Log uploaded to GitHub: logs/2026-05-07.log
2026-05-07 06:06:56 | Log uploaded to GitHub: logs/2026-05-07.log
2026-05-07 06:36:56 | Log uploaded to GitHub: logs/2026-05-07.log
2026-05-07 07:06:57 | Log uploaded to GitHub: logs/2026-05-07.log
2026-05-07 07:36:56 | Log uploaded to GitHub: logs/2026-05-07.log
2026-05-07 08:06:56 | Log uploaded to GitHub: logs/2026-05-07.log
2026-05-07 08:36:56 | Log uploaded to GitHub: logs/2026-05-07.log
2026-05-07 09:06:56 | Log uploaded to GitHub: logs/2026-05-07.log
2026-05-07 09:36:57 | Log uploaded to GitHub: logs/2026-05-07.log
2026-05-07 10:06:57 | Log uploaded to GitHub: logs/2026-05-07.log
2026-05-07 10:36:57 | Log uploaded to GitHub: logs/2026-05-07.log
2026-05-07 11:06:57 | Log uploaded to GitHub: logs/2026-05-07.log
2026-05-07 11:36:57 | Log uploaded to GitHub: logs/2026-05-07.log
2026-05-07 12:06:57 | Log uploaded to GitHub: logs/2026-05-07.log
2026-05-07 12:36:57 | Log uploaded to GitHub: logs/2026-05-07.log
2026-05-07 13:06:57 | Log uploaded to GitHub: logs/2026-05-07.log
2026-05-07 13:36:57 | Log uploaded to GitHub: logs/2026-05-07.log
2026-05-07 14:06:57 | Log uploaded to GitHub: logs/2026-05-07.log
2026-05-07 14:36:57 | Log uploaded to GitHub: logs/2026-05-07.log
2026-05-07 15:06:57 | Log uploaded to GitHub: logs/2026-05-07.log
2026-05-07 15:36:58 | Log uploaded to GitHub: logs/2026-05-07.log
2026-05-07 15:44:17 | Monitor: on
2026-05-07 15:44:17 | New day boundary — reset counters
2026-05-07 15:44:17 | Timer START | Session #74 | UTC: 2026-05-07T22:44:17.8364009Z
2026-05-07 16:06:57 | Log uploaded to GitHub: logs/2026-05-07.log
2026-05-07 16:36:57 | Log uploaded to GitHub: logs/2026-05-07.log
2026-05-07 17:06:57 | Log uploaded to GitHub: logs/2026-05-07.log
2026-05-07 17:14:49 | Screen locked
2026-05-07 17:14:49 | Timer END   | Session #74 | Reason: locked | Today: 1:30
2026-05-07 17:14:49 | Monitor: off
2026-05-07 17:14:49 | Screen locked
2026-05-07 18:43:43 | Monitor: on
2026-05-07 18:43:55 | Screen unlocked
2026-05-07 18:43:55 | Timer START | Session #75 | UTC: 2026-05-08T01:43:55.0111311Z
2026-05-07 18:43:55 | Screen unlocked
2026-05-07 18:59:04 | Screen locked
2026-05-07 18:59:05 | Timer END   | Session #75 | Reason: locked | Today: 1:45
2026-05-07 18:59:05 | Screen locked
2026-05-07 18:59:05 | Monitor: off
2026-05-07 19:19:36 | Monitor: on
2026-05-07 19:19:47 | Screen unlocked
2026-05-07 19:19:47 | Timer START | Session #76 | UTC: 2026-05-08T02:19:47.3664941Z
2026-05-07 19:19:47 | Screen unlocked
