2026-07-24 07:21:53 | Monitor: on
2026-07-24 07:21:59 | Screen unlocked
2026-07-24 07:21:59 | New day boundary — reset counters
2026-07-24 07:21:59 | Timer START | Session #319 | UTC: 2026-07-24T14:21:59.3207331Z
2026-07-24 07:21:59 | Screen unlocked
2026-07-24 07:23:37 | Log uploaded to GitHub: logs/2026-07-24.log
2026-07-24 07:53:37 | Log uploaded to GitHub: logs/2026-07-24.log
2026-07-24 08:23:37 | Log uploaded to GitHub: logs/2026-07-24.log
2026-07-24 08:53:37 | Log uploaded to GitHub: logs/2026-07-24.log
2026-07-24 08:54:22 | Screen locked
2026-07-24 08:54:22 | Timer END   | Session #319 | Reason: locked | Today: 1:32
2026-07-24 08:54:22 | Monitor: off
2026-07-24 08:54:22 | Screen locked
2026-07-24 09:10:43 | Monitor: on
2026-07-24 09:10:55 | Screen unlocked
2026-07-24 09:10:55 | Timer START | Session #320 | UTC: 2026-07-24T16:10:55.6792251Z
2026-07-24 09:10:55 | Screen unlocked
2026-07-24 09:20:17 | Screen locked
2026-07-24 09:20:17 | Timer END   | Session #320 | Reason: locked | Today: 1:41
2026-07-24 09:20:17 | Screen locked
2026-07-24 09:20:17 | Monitor: off
2026-07-24 15:46:49 | Monitor: on
2026-07-24 15:46:53 | Screen unlocked
2026-07-24 15:46:53 | Timer START | Session #321 | UTC: 2026-07-24T22:46:53.3953715Z
2026-07-24 15:46:53 | Screen unlocked
2026-07-24 16:06:15 | Screen locked
2026-07-24 16:06:15 | Timer END   | Session #321 | Reason: locked | Today: 2:01
2026-07-24 16:06:15 | Monitor: off
2026-07-24 16:06:15 | Screen locked
2026-07-24 16:07:26 | Monitor: on
2026-07-24 16:07:27 | Log uploaded to GitHub: logs/2026-07-24.log
2026-07-24 16:07:31 | Screen unlocked
2026-07-24 16:07:31 | Timer START | Session #322 | UTC: 2026-07-24T23:07:31.6648040Z
2026-07-24 16:07:31 | Screen unlocked
2026-07-24 16:18:29 | Screen locked
2026-07-24 16:18:29 | Timer END   | Session #322 | Reason: locked | Today: 2:12
2026-07-24 16:18:29 | Monitor: off
2026-07-24 16:18:29 | Screen locked
2026-07-24 18:18:54 | Monitor: on
2026-07-24 18:18:59 | Screen unlocked
2026-07-24 18:18:59 | Timer START | Session #323 | UTC: 2026-07-25T01:18:59.5680694Z
2026-07-24 18:18:59 | Screen unlocked
