2026-06-09 15:21:39 | Monitor: on
2026-06-09 15:21:45 | Screen unlocked
2026-06-09 15:21:45 | New day boundary — reset counters
2026-06-09 15:21:46 | Timer START | Session #214 | UTC: 2026-06-09T22:21:45.8527943Z
2026-06-09 15:21:46 | Screen unlocked
2026-06-09 15:31:19 | Log uploaded to GitHub: logs/2026-06-09.log
2026-06-09 16:01:19 | Log uploaded to GitHub: logs/2026-06-09.log
2026-06-09 16:22:47 | Screen locked
2026-06-09 16:22:47 | Timer END   | Session #214 | Reason: locked | Today: 1:01
2026-06-09 16:22:47 | Monitor: off
2026-06-09 16:22:47 | Screen locked
2026-06-09 16:25:56 | Monitor: on
2026-06-09 16:26:00 | Screen unlocked
2026-06-09 16:26:00 | Timer START | Session #215 | UTC: 2026-06-09T23:26:00.9817816Z
2026-06-09 16:26:00 | Screen unlocked
2026-06-09 16:34:21 | Log uploaded to GitHub: logs/2026-06-09.log
2026-06-09 16:56:16 | Screen locked
2026-06-09 16:56:16 | Timer END   | Session #215 | Reason: locked | Today: 1:31
2026-06-09 16:56:16 | Monitor: off
2026-06-09 16:56:16 | Screen locked
2026-06-09 17:05:12 | Monitor: on
2026-06-09 17:06:30 | Monitor: off
2026-06-09 17:09:59 | Monitor: on
2026-06-09 17:10:04 | Screen unlocked
2026-06-09 17:10:04 | Timer START | Session #216 | UTC: 2026-06-10T00:10:04.3985826Z
2026-06-09 17:10:04 | Screen unlocked
