2026-05-23 07:31:57 | Monitor: on
2026-05-23 07:32:01 | Screen unlocked
2026-05-23 07:32:01 | New day boundary — reset counters
2026-05-23 07:32:01 | Timer START | Session #142 | UTC: 2026-05-23T14:32:01.3637399Z
2026-05-23 07:32:01 | Screen unlocked
2026-05-23 07:48:58 | Log uploaded to GitHub: logs/2026-05-23.log
2026-05-23 08:18:58 | Log uploaded to GitHub: logs/2026-05-23.log
2026-05-23 08:48:58 | Log uploaded to GitHub: logs/2026-05-23.log
2026-05-23 09:18:58 | Log uploaded to GitHub: logs/2026-05-23.log
2026-05-23 09:32:41 | Screen locked
2026-05-23 09:32:41 | Timer END   | Session #142 | Reason: locked | Today: 2:00
2026-05-23 09:32:41 | Screen locked
2026-05-23 09:32:42 | Monitor: off
2026-05-23 09:50:53 | Monitor: on
2026-05-23 09:50:56 | Screen unlocked
2026-05-23 09:50:56 | Timer START | Session #143 | UTC: 2026-05-23T16:50:56.2460057Z
2026-05-23 09:50:56 | Screen unlocked
2026-05-23 10:07:02 | Log uploaded to GitHub: logs/2026-05-23.log
2026-05-23 10:25:10 | Screen locked
2026-05-23 10:25:10 | Timer END   | Session #143 | Reason: locked | Today: 2:34
2026-05-23 10:25:11 | Screen locked
2026-05-23 10:25:11 | Monitor: off
2026-05-23 18:58:24 | Monitor: on
2026-05-23 18:58:28 | Screen unlocked
2026-05-23 18:58:28 | Timer START | Session #144 | UTC: 2026-05-24T01:58:28.8491335Z
2026-05-23 18:58:28 | Screen unlocked
2026-05-23 19:10:00 | Log uploaded to GitHub: logs/2026-05-23.log
