2026-07-26 07:08:51 | Monitor: on
2026-07-26 07:09:01 | Screen unlocked
2026-07-26 07:09:01 | New day boundary — reset counters
2026-07-26 07:09:01 | Timer START | Session #329 | UTC: 2026-07-26T14:09:01.2587269Z
2026-07-26 07:09:01 | Screen unlocked
2026-07-26 07:10:35 | Log uploaded to GitHub: logs/2026-07-26.log
2026-07-26 07:40:35 | Log uploaded to GitHub: logs/2026-07-26.log
2026-07-26 08:10:35 | Log uploaded to GitHub: logs/2026-07-26.log
2026-07-26 08:40:35 | Log uploaded to GitHub: logs/2026-07-26.log
2026-07-26 09:10:15 | Screen locked
2026-07-26 09:10:15 | Timer END   | Session #329 | Reason: locked | Today: 2:01
2026-07-26 09:10:15 | Screen locked
2026-07-26 09:10:15 | Monitor: off
2026-07-26 09:34:21 | Monitor: on
2026-07-26 09:34:25 | Screen unlocked
2026-07-26 09:34:25 | Timer START | Session #330 | UTC: 2026-07-26T16:34:25.8783675Z
2026-07-26 09:34:25 | Screen unlocked
2026-07-26 09:34:35 | Log uploaded to GitHub: logs/2026-07-26.log
2026-07-26 09:51:53 | Screen locked
2026-07-26 09:51:53 | Timer END   | Session #330 | Reason: locked | Today: 2:18
2026-07-26 09:51:54 | Screen locked
2026-07-26 09:51:54 | Monitor: off
2026-07-26 17:18:22 | Monitor: on
2026-07-26 17:18:28 | Screen unlocked
2026-07-26 17:18:28 | Timer START | Session #331 | UTC: 2026-07-27T00:18:28.1239472Z
2026-07-26 17:18:28 | Screen unlocked
