2026-09-14 06:57:03 | App started
2026-09-14 06:57:03 | Tracker initialized
2026-09-14 06:57:03 | Timer START | Session #429 | UTC: 2026-09-14T13:57:03.4472578Z
2026-09-14 06:57:03 | Monitor: on
2026-09-14 06:57:36 | Log uploaded to GitHub: logs/2026-09-14.log
2026-09-14 07:27:35 | Log uploaded to GitHub: logs/2026-09-14.log
2026-09-14 07:55:52 | Screen locked
2026-09-14 07:55:52 | Timer END   | Session #429 | Reason: locked | Today: 0:58
2026-09-14 07:55:52 | Monitor: off
2026-09-14 07:55:52 | Screen locked
2026-09-14 15:45:58 | Monitor: on
2026-09-14 15:47:08 | App started
2026-09-14 15:47:08 | Tracker initialized
2026-09-14 15:47:08 | Timer START | Session #430 | UTC: 2026-09-14T22:47:08.6448499Z
2026-09-14 15:47:08 | Monitor: on
2026-09-14 15:47:40 | Log uploaded to GitHub: logs/2026-09-14.log
2026-09-14 15:55:48 | App started
2026-09-14 15:55:52 | Tracker initialized
2026-09-14 15:55:55 | Timer START | Session #431 | UTC: 2026-09-14T22:55:55.8404808Z
2026-09-14 15:55:56 | Monitor: on
