2026-08-09 07:14:42 | Monitor: on
2026-08-09 07:15:07 | Screen unlocked
2026-08-09 07:15:07 | New day boundary — reset counters
2026-08-09 07:15:07 | Timer START | Session #374 | UTC: 2026-08-09T14:15:07.2517637Z
2026-08-09 07:15:07 | Screen unlocked
2026-08-09 07:42:55 | Log uploaded to GitHub: logs/2026-08-09.log
2026-08-09 08:12:55 | Log uploaded to GitHub: logs/2026-08-09.log
2026-08-09 08:42:55 | Log uploaded to GitHub: logs/2026-08-09.log
2026-08-09 09:12:54 | Log uploaded to GitHub: logs/2026-08-09.log
2026-08-09 09:19:51 | Screen locked
2026-08-09 09:19:51 | Timer END   | Session #374 | Reason: locked | Today: 2:04
2026-08-09 09:19:51 | Screen locked
2026-08-09 09:19:51 | Monitor: off
2026-08-09 12:51:51 | Monitor: on
2026-08-09 12:52:10 | Screen unlocked
2026-08-09 12:52:10 | Timer START | Session #375 | UTC: 2026-08-09T19:52:10.7459198Z
2026-08-09 12:52:10 | Screen unlocked
2026-08-09 12:58:00 | Monitor: dimmed
2026-08-09 12:58:15 | Monitor: off
2026-08-09 12:58:15 | Timer END   | Session #375 | Reason: monitor_off | Today: 2:10
2026-08-09 12:58:27 | Monitor: on
2026-08-09 12:58:27 | Timer START | Session #376 | UTC: 2026-08-09T19:58:27.3294827Z
2026-08-09 13:14:48 | Log uploaded to GitHub: logs/2026-08-09.log
2026-08-09 13:15:33 | Monitor: dimmed
2026-08-09 13:15:48 | Monitor: off
2026-08-09 13:15:48 | Timer END   | Session #376 | Reason: monitor_off | Today: 2:28
2026-08-09 13:44:48 | Log uploaded to GitHub: logs/2026-08-09.log
2026-08-09 14:14:48 | Log uploaded to GitHub: logs/2026-08-09.log
2026-08-09 14:44:48 | Log uploaded to GitHub: logs/2026-08-09.log
2026-08-09 15:14:48 | Log uploaded to GitHub: logs/2026-08-09.log
2026-08-09 15:44:48 | Log uploaded to GitHub: logs/2026-08-09.log
2026-08-09 16:14:48 | Log uploaded to GitHub: logs/2026-08-09.log
2026-08-09 16:44:48 | Log uploaded to GitHub: logs/2026-08-09.log
2026-08-09 17:14:48 | Log uploaded to GitHub: logs/2026-08-09.log
2026-08-09 17:44:49 | Log uploaded to GitHub: logs/2026-08-09.log
2026-08-09 18:14:49 | Log uploaded to GitHub: logs/2026-08-09.log
