2026-07-21 07:52:03 | Monitor: on
2026-07-21 07:52:08 | Screen unlocked
2026-07-21 07:52:08 | New day boundary — reset counters
2026-07-21 07:52:08 | Timer START | Session #302 | UTC: 2026-07-21T14:52:08.1440577Z
2026-07-21 07:52:08 | Screen unlocked
2026-07-21 08:02:30 | Log uploaded to GitHub: logs/2026-07-21.log
2026-07-21 08:32:30 | Log uploaded to GitHub: logs/2026-07-21.log
2026-07-21 09:02:30 | Log uploaded to GitHub: logs/2026-07-21.log
2026-07-21 09:21:45 | Screen locked
2026-07-21 09:21:45 | Timer END   | Session #302 | Reason: locked | Today: 1:29
2026-07-21 09:21:45 | Monitor: off
2026-07-21 09:21:45 | Screen locked
2026-07-21 15:26:15 | Monitor: on
2026-07-21 15:26:22 | Screen unlocked
2026-07-21 15:26:22 | Timer START | Session #303 | UTC: 2026-07-21T22:26:22.4575338Z
2026-07-21 15:26:22 | Screen unlocked
2026-07-21 15:36:53 | Log uploaded to GitHub: logs/2026-07-21.log
2026-07-21 16:06:53 | Log uploaded to GitHub: logs/2026-07-21.log
2026-07-21 16:11:51 | Screen locked
2026-07-21 16:11:51 | Timer END   | Session #303 | Reason: locked | Today: 2:15
2026-07-21 16:11:52 | Monitor: off
2026-07-21 16:11:52 | Screen locked
2026-07-21 16:28:16 | Monitor: on
2026-07-21 16:28:20 | Screen unlocked
2026-07-21 16:28:20 | Timer START | Session #304 | UTC: 2026-07-21T23:28:20.7932460Z
2026-07-21 16:28:20 | Screen unlocked
2026-07-21 16:43:37 | Screen locked
2026-07-21 16:43:37 | Timer END   | Session #304 | Reason: locked | Today: 2:30
2026-07-21 16:43:38 | Monitor: off
2026-07-21 16:43:38 | Screen locked
2026-07-21 17:00:17 | Monitor: on
2026-07-21 17:00:19 | Screen unlocked
2026-07-21 17:00:19 | Timer START | Session #305 | UTC: 2026-07-22T00:00:19.2476856Z
2026-07-21 17:00:19 | Screen unlocked
