2026-07-23 07:11:00 | Monitor: on
2026-07-23 07:11:06 | Screen unlocked
2026-07-23 07:11:06 | New day boundary — reset counters
2026-07-23 07:11:06 | Timer START | Session #313 | UTC: 2026-07-23T14:11:06.3744750Z
2026-07-23 07:11:06 | Screen unlocked
2026-07-23 07:16:43 | Log uploaded to GitHub: logs/2026-07-23.log
2026-07-23 07:46:43 | Log uploaded to GitHub: logs/2026-07-23.log
2026-07-23 08:16:43 | Log uploaded to GitHub: logs/2026-07-23.log
2026-07-23 08:42:43 | Screen locked
2026-07-23 08:42:43 | Timer END   | Session #313 | Reason: locked | Today: 1:31
2026-07-23 08:42:44 | Monitor: off
2026-07-23 08:42:44 | Screen locked
2026-07-23 08:53:05 | Monitor: on
2026-07-23 08:53:14 | Screen unlocked
2026-07-23 08:53:14 | Timer START | Session #314 | UTC: 2026-07-23T15:53:14.9246254Z
2026-07-23 08:53:14 | Screen unlocked
2026-07-23 08:56:56 | Log uploaded to GitHub: logs/2026-07-23.log
2026-07-23 09:26:56 | Log uploaded to GitHub: logs/2026-07-23.log
2026-07-23 09:37:53 | Screen locked
2026-07-23 09:37:53 | Timer END   | Session #314 | Reason: locked | Today: 2:16
2026-07-23 09:37:54 | Monitor: off
2026-07-23 09:37:54 | Screen locked
2026-07-23 15:52:54 | Monitor: on
2026-07-23 15:53:01 | Screen unlocked
2026-07-23 15:53:01 | Timer START | Session #315 | UTC: 2026-07-23T22:53:01.6075743Z
2026-07-23 15:53:01 | Screen unlocked
2026-07-23 16:08:21 | Screen locked
2026-07-23 16:08:21 | Timer END   | Session #315 | Reason: locked | Today: 2:31
2026-07-23 16:08:21 | Screen locked
2026-07-23 16:08:21 | Monitor: off
2026-07-23 16:14:21 | Monitor: on
2026-07-23 16:14:26 | Screen unlocked
2026-07-23 16:14:26 | Timer START | Session #316 | UTC: 2026-07-23T23:14:26.3361901Z
2026-07-23 16:14:26 | Screen unlocked
