2026-06-13 07:07:53 | Monitor: on
2026-06-13 07:08:14 | Screen unlocked
2026-06-13 07:08:14 | New day boundary — reset counters
2026-06-13 07:08:14 | Timer START | Session #227 | UTC: 2026-06-13T14:08:14.5651012Z
2026-06-13 07:08:14 | Screen unlocked
2026-06-13 07:11:21 | Log uploaded to GitHub: logs/2026-06-13.log
2026-06-13 07:41:21 | Log uploaded to GitHub: logs/2026-06-13.log
2026-06-13 08:11:21 | Log uploaded to GitHub: logs/2026-06-13.log
2026-06-13 08:41:21 | Log uploaded to GitHub: logs/2026-06-13.log
2026-06-13 09:08:44 | Screen locked
2026-06-13 09:08:44 | Timer END   | Session #227 | Reason: locked | Today: 2:00
2026-06-13 09:08:44 | Monitor: off
2026-06-13 09:08:44 | Screen locked
2026-06-13 15:49:46 | Monitor: on
2026-06-13 15:49:50 | Screen unlocked
2026-06-13 15:49:50 | Timer START | Session #228 | UTC: 2026-06-13T22:49:50.3491158Z
2026-06-13 15:49:50 | Screen unlocked
2026-06-13 15:52:17 | Log uploaded to GitHub: logs/2026-06-13.log
2026-06-13 16:05:10 | Screen locked
2026-06-13 16:05:10 | Timer END   | Session #228 | Reason: locked | Today: 2:15
2026-06-13 16:05:10 | Screen locked
2026-06-13 16:05:10 | Monitor: off
2026-06-13 16:29:55 | Monitor: on
2026-06-13 16:30:07 | Screen unlocked
2026-06-13 16:30:07 | Timer START | Session #229 | UTC: 2026-06-13T23:30:07.8641887Z
2026-06-13 16:30:07 | Screen unlocked
