2026-05-11 15:18:54 | Monitor: on
2026-05-11 15:19:04 | Screen unlocked
2026-05-11 15:19:04 | New day boundary — reset counters
2026-05-11 15:19:04 | Timer START | Session #94 | UTC: 2026-05-11T22:19:04.6574482Z
2026-05-11 15:19:04 | Screen unlocked
2026-05-11 15:20:45 | Log uploaded to GitHub: logs/2026-05-11.log
2026-05-11 15:50:46 | Log uploaded to GitHub: logs/2026-05-11.log
2026-05-11 16:20:46 | Log uploaded to GitHub: logs/2026-05-11.log
2026-05-11 16:50:45 | Log uploaded to GitHub: logs/2026-05-11.log
2026-05-11 17:20:45 | Log uploaded to GitHub: logs/2026-05-11.log
2026-05-11 17:31:06 | Screen locked
2026-05-11 17:31:06 | Timer END   | Session #94 | Reason: locked | Today: 2:12
2026-05-11 17:31:06 | Screen locked
2026-05-11 17:31:06 | Monitor: off
2026-05-11 17:32:39 | Monitor: on
2026-05-11 17:32:44 | Screen unlocked
2026-05-11 17:32:44 | Timer START | Session #95 | UTC: 2026-05-12T00:32:44.4123272Z
2026-05-11 17:32:44 | Screen unlocked
2026-05-11 17:48:22 | Screen locked
2026-05-11 17:48:22 | Timer END   | Session #95 | Reason: locked | Today: 2:27
2026-05-11 17:48:22 | Screen locked
2026-05-11 17:48:22 | Monitor: off
2026-05-11 18:46:18 | Monitor: on
2026-05-11 18:46:29 | Screen unlocked
2026-05-11 18:46:29 | Timer START | Session #96 | UTC: 2026-05-12T01:46:29.7601849Z
2026-05-11 18:46:29 | Screen unlocked
