2026-06-14 06:47:52 | Monitor: on
2026-06-14 06:47:56 | Screen unlocked
2026-06-14 06:47:56 | New day boundary — reset counters
2026-06-14 06:47:56 | Timer START | Session #232 | UTC: 2026-06-14T13:47:56.8750513Z
2026-06-14 06:47:56 | Screen unlocked
2026-06-14 06:49:01 | Log uploaded to GitHub: logs/2026-06-14.log
2026-06-14 07:19:01 | Log uploaded to GitHub: logs/2026-06-14.log
2026-06-14 07:49:01 | Log uploaded to GitHub: logs/2026-06-14.log
2026-06-14 08:19:01 | Log uploaded to GitHub: logs/2026-06-14.log
2026-06-14 08:49:01 | Log uploaded to GitHub: logs/2026-06-14.log
2026-06-14 09:19:01 | Log uploaded to GitHub: logs/2026-06-14.log
2026-06-14 09:49:01 | Log uploaded to GitHub: logs/2026-06-14.log
2026-06-14 09:55:34 | Screen locked
2026-06-14 09:55:34 | Timer END   | Session #232 | Reason: locked | Today: 3:07
2026-06-14 09:55:35 | Monitor: off
2026-06-14 09:55:35 | Screen locked
2026-06-14 10:25:17 | Monitor: on
2026-06-14 10:25:22 | Screen unlocked
2026-06-14 10:25:22 | Timer START | Session #233 | UTC: 2026-06-14T17:25:22.9851293Z
2026-06-14 10:25:22 | Screen unlocked
2026-06-14 10:36:50 | Screen locked
2026-06-14 10:36:50 | Timer END   | Session #233 | Reason: locked | Today: 3:19
2026-06-14 10:36:50 | Monitor: off
2026-06-14 10:36:50 | Screen locked
2026-06-14 11:12:49 | Monitor: on
2026-06-14 11:12:53 | Screen unlocked
2026-06-14 11:12:53 | Timer START | Session #234 | UTC: 2026-06-14T18:12:53.5504069Z
2026-06-14 11:12:53 | Screen unlocked
2026-06-14 11:24:32 | Log uploaded to GitHub: logs/2026-06-14.log
2026-06-14 11:45:48 | Screen locked
2026-06-14 11:45:48 | Timer END   | Session #234 | Reason: locked | Today: 3:51
2026-06-14 11:45:48 | Screen locked
2026-06-14 11:45:48 | Monitor: off
2026-06-14 11:56:55 | Monitor: on
2026-06-14 11:57:03 | Screen unlocked
2026-06-14 11:57:03 | Timer START | Session #235 | UTC: 2026-06-14T18:57:03.0941234Z
2026-06-14 11:57:03 | Screen unlocked
2026-06-14 12:05:34 | Log uploaded to GitHub: logs/2026-06-14.log
2026-06-14 12:35:34 | Log uploaded to GitHub: logs/2026-06-14.log
2026-06-14 13:05:34 | Log uploaded to GitHub: logs/2026-06-14.log
2026-06-14 13:12:49 | Screen locked
2026-06-14 13:12:49 | Timer END   | Session #235 | Reason: locked | Today: 5:07
2026-06-14 13:12:49 | Monitor: off
2026-06-14 13:12:49 | Screen locked
2026-06-14 17:46:05 | Monitor: on
2026-06-14 17:46:09 | Screen unlocked
2026-06-14 17:46:09 | Timer START | Session #236 | UTC: 2026-06-15T00:46:09.4107949Z
2026-06-14 17:46:09 | Screen unlocked
