2026-06-26 07:14:09 | App started
2026-06-26 07:14:09 | Tracker initialized
2026-06-26 07:14:10 | Timer START | Session #270 | UTC: 2026-06-26T14:14:10.1012539Z
2026-06-26 07:14:10 | Monitor: on
2026-06-26 07:14:41 | Log uploaded to GitHub: logs/2026-06-26.log
2026-06-26 07:44:41 | Log uploaded to GitHub: logs/2026-06-26.log
2026-06-26 08:14:41 | Log uploaded to GitHub: logs/2026-06-26.log
2026-06-26 08:44:41 | Log uploaded to GitHub: logs/2026-06-26.log
2026-06-26 09:14:41 | Log uploaded to GitHub: logs/2026-06-26.log
2026-06-26 09:15:55 | Screen locked
2026-06-26 09:15:55 | Timer END   | Session #270 | Reason: locked | Today: 2:01
2026-06-26 09:15:55 | Screen locked
2026-06-26 09:15:56 | Monitor: off
2026-06-26 17:25:32 | Monitor: on
2026-06-26 17:25:41 | Screen unlocked
2026-06-26 17:25:41 | Timer START | Session #271 | UTC: 2026-06-27T00:25:41.6239187Z
2026-06-26 17:25:41 | Screen unlocked
2026-06-26 17:33:07 | Screen locked
2026-06-26 17:33:07 | Timer END   | Session #271 | Reason: locked | Today: 2:09
2026-06-26 17:33:07 | Monitor: off
2026-06-26 17:33:07 | Screen locked
2026-06-26 19:57:34 | Monitor: on
2026-06-26 19:57:37 | Screen unlocked
2026-06-26 19:57:37 | Timer START | Session #272 | UTC: 2026-06-27T02:57:37.4157606Z
2026-06-26 19:57:37 | Screen unlocked
2026-06-26 20:03:56 | Screen locked
2026-06-26 20:03:56 | Timer END   | Session #272 | Reason: locked | Today: 2:15
2026-06-26 20:03:57 | Screen locked
2026-06-26 20:03:57 | Monitor: off
2026-06-26 20:04:30 | Monitor: on
2026-06-26 20:04:33 | Screen unlocked
2026-06-26 20:04:33 | Timer START | Session #273 | UTC: 2026-06-27T03:04:33.5110062Z
2026-06-26 20:04:33 | Screen unlocked
