2026-08-04 08:05:26 | Monitor: on
2026-08-04 08:05:37 | Screen unlocked
2026-08-04 08:05:37 | New day boundary — reset counters
2026-08-04 08:05:37 | Timer START | Session #358 | UTC: 2026-08-04T15:05:37.8337503Z
2026-08-04 08:05:37 | Screen unlocked
2026-08-04 08:33:01 | Log uploaded to GitHub: logs/2026-08-04.log
2026-08-04 08:35:37 | Screen locked
2026-08-04 08:35:37 | Timer END   | Session #358 | Reason: locked | Today: 0:29
2026-08-04 08:35:37 | Screen locked
2026-08-04 08:35:37 | Monitor: off
2026-08-04 08:45:51 | Monitor: on
2026-08-04 08:45:56 | Screen unlocked
2026-08-04 08:45:56 | Timer START | Session #359 | UTC: 2026-08-04T15:45:56.2786276Z
2026-08-04 08:45:56 | Screen unlocked
2026-08-04 08:54:26 | Screen locked
2026-08-04 08:54:26 | Timer END   | Session #359 | Reason: locked | Today: 0:38
2026-08-04 08:54:26 | Monitor: off
2026-08-04 08:54:26 | Screen locked
2026-08-04 15:38:06 | Monitor: on
2026-08-04 15:38:25 | Screen unlocked
2026-08-04 15:38:25 | Timer START | Session #360 | UTC: 2026-08-04T22:38:25.7113655Z
2026-08-04 15:38:25 | Screen unlocked
2026-08-04 15:56:47 | Log uploaded to GitHub: logs/2026-08-04.log
2026-08-04 16:26:47 | Log uploaded to GitHub: logs/2026-08-04.log
2026-08-04 16:56:47 | Log uploaded to GitHub: logs/2026-08-04.log
2026-08-04 17:11:37 | Screen locked
2026-08-04 17:11:37 | Timer END   | Session #360 | Reason: locked | Today: 2:11
2026-08-04 17:11:37 | Monitor: off
2026-08-04 17:11:37 | Screen locked
2026-08-04 17:33:42 | App started
2026-08-04 17:33:43 | Tracker initialized
2026-08-04 17:33:43 | Timer START | Session #361 | UTC: 2026-08-05T00:33:43.3059222Z
2026-08-04 17:33:43 | Monitor: on
