2026-06-30 06:58:24 | Monitor: on
2026-06-30 06:58:40 | Screen unlocked
2026-06-30 06:58:40 | New day boundary — reset counters
2026-06-30 06:58:40 | Timer START | Session #287 | UTC: 2026-06-30T13:58:40.6456530Z
2026-06-30 06:58:40 | Screen unlocked
2026-06-30 07:01:56 | Log uploaded to GitHub: logs/2026-06-30.log
2026-06-30 07:31:56 | Log uploaded to GitHub: logs/2026-06-30.log
2026-06-30 08:01:56 | Log uploaded to GitHub: logs/2026-06-30.log
2026-06-30 08:31:56 | Log uploaded to GitHub: logs/2026-06-30.log
2026-06-30 09:01:56 | Log uploaded to GitHub: logs/2026-06-30.log
2026-06-30 13:12:59 | App started
2026-06-30 13:13:00 | Tracker initialized
2026-06-30 13:13:00 | Timer START | Session #288 | UTC: 2026-06-30T20:13:00.2613461Z
2026-06-30 13:13:00 | Monitor: on
2026-06-30 13:13:31 | Log uploaded to GitHub: logs/2026-06-30.log
2026-06-30 13:43:31 | Log uploaded to GitHub: logs/2026-06-30.log
2026-06-30 14:13:16 | Screen locked
2026-06-30 14:13:16 | Timer END   | Session #288 | Reason: locked | Today: 7:14
2026-06-30 14:13:16 | Screen locked
2026-06-30 14:13:16 | Monitor: off
2026-06-30 15:20:41 | Monitor: on
2026-06-30 15:20:49 | Log uploaded to GitHub: logs/2026-06-30.log
2026-06-30 15:22:51 | Monitor: off
2026-06-30 15:37:51 | Monitor: on
2026-06-30 15:37:52 | Screen unlocked
2026-06-30 15:37:52 | Timer START | Session #289 | UTC: 2026-06-30T22:37:52.7487027Z
2026-06-30 15:37:52 | Screen unlocked
2026-06-30 15:50:49 | Log uploaded to GitHub: logs/2026-06-30.log
2026-06-30 15:54:49 | Screen locked
2026-06-30 15:54:49 | Timer END   | Session #289 | Reason: locked | Today: 7:31
2026-06-30 15:54:49 | Screen locked
2026-06-30 15:54:49 | Monitor: off
2026-06-30 15:55:49 | Monitor: on
2026-06-30 15:55:51 | Screen unlocked
2026-06-30 15:55:51 | Timer START | Session #290 | UTC: 2026-06-30T22:55:51.4388180Z
2026-06-30 15:55:51 | Screen unlocked
2026-06-30 16:16:19 | Screen locked
2026-06-30 16:16:19 | Timer END   | Session #290 | Reason: locked | Today: 7:51
2026-06-30 16:16:19 | Screen locked
2026-06-30 16:16:19 | Monitor: off
2026-06-30 18:27:13 | Monitor: on
2026-06-30 18:27:18 | Screen unlocked
2026-06-30 18:27:18 | Timer START | Session #291 | UTC: 2026-07-01T01:27:18.8144811Z
2026-06-30 18:27:18 | Screen unlocked
