2026-05-09 06:26:10 | Monitor: on
2026-05-09 06:26:18 | Screen unlocked
2026-05-09 06:26:18 | New day boundary — reset counters
2026-05-09 06:26:18 | Timer START | Session #82 | UTC: 2026-05-09T13:26:18.0576146Z
2026-05-09 06:26:18 | Screen unlocked
2026-05-09 06:41:40 | Log uploaded to GitHub: logs/2026-05-09.log
2026-05-09 07:11:40 | Log uploaded to GitHub: logs/2026-05-09.log
2026-05-09 07:41:40 | Log uploaded to GitHub: logs/2026-05-09.log
2026-05-09 08:11:40 | Log uploaded to GitHub: logs/2026-05-09.log
2026-05-09 08:41:40 | Log uploaded to GitHub: logs/2026-05-09.log
2026-05-09 08:56:59 | Screen locked
2026-05-09 08:56:59 | Timer END   | Session #82 | Reason: locked | Today: 2:30
2026-05-09 08:56:59 | Monitor: off
2026-05-09 08:56:59 | Screen locked
2026-05-09 09:41:09 | Monitor: on
2026-05-09 09:41:14 | Screen unlocked
2026-05-09 09:41:14 | Timer START | Session #83 | UTC: 2026-05-09T16:41:14.2824615Z
2026-05-09 09:41:14 | Screen unlocked
2026-05-09 09:55:43 | Log uploaded to GitHub: logs/2026-05-09.log
2026-05-09 10:09:18 | Screen locked
2026-05-09 10:09:18 | Timer END   | Session #83 | Reason: locked | Today: 2:58
2026-05-09 10:09:18 | Screen locked
2026-05-09 10:09:18 | Monitor: off
2026-05-09 13:00:31 | Monitor: on
2026-05-09 13:00:36 | Screen unlocked
2026-05-09 13:00:36 | Timer START | Session #84 | UTC: 2026-05-09T20:00:36.2727638Z
2026-05-09 13:00:36 | Screen unlocked
2026-05-09 13:16:00 | Screen locked
2026-05-09 13:16:00 | Timer END   | Session #84 | Reason: locked | Today: 3:14
2026-05-09 13:16:01 | Screen locked
2026-05-09 13:16:01 | Monitor: off
2026-05-09 13:24:09 | Monitor: on
2026-05-09 13:24:21 | Screen unlocked
2026-05-09 13:24:21 | Timer START | Session #85 | UTC: 2026-05-09T20:24:21.0499722Z
2026-05-09 13:24:21 | Screen unlocked
2026-05-09 13:24:49 | Log uploaded to GitHub: logs/2026-05-09.log
2026-05-09 13:44:21 | Screen locked
2026-05-09 13:44:21 | Timer END   | Session #85 | Reason: locked | Today: 3:34
2026-05-09 13:44:21 | Monitor: off
2026-05-09 13:44:21 | Screen locked
2026-05-09 13:59:30 | Monitor: on
2026-05-09 13:59:42 | Screen unlocked
2026-05-09 13:59:42 | Timer START | Session #86 | UTC: 2026-05-09T20:59:42.2854704Z
2026-05-09 13:59:42 | Screen unlocked
