2026-08-15 07:47:04 | App started
2026-08-15 07:47:04 | Tracker initialized
2026-08-15 07:47:04 | Timer START | Session #389 | UTC: 2026-08-15T14:47:04.5319057Z
2026-08-15 07:47:04 | Monitor: on
2026-08-15 07:47:36 | Log uploaded to GitHub: logs/2026-08-15.log
2026-08-15 08:17:37 | Log uploaded to GitHub: logs/2026-08-15.log
2026-08-15 08:47:36 | Log uploaded to GitHub: logs/2026-08-15.log
2026-08-15 09:17:36 | Log uploaded to GitHub: logs/2026-08-15.log
2026-08-15 09:47:36 | Log uploaded to GitHub: logs/2026-08-15.log
2026-08-15 09:47:40 | Screen locked
2026-08-15 09:47:40 | Timer END   | Session #389 | Reason: locked | Today: 2:00
2026-08-15 09:47:40 | Screen locked
2026-08-15 09:47:40 | Monitor: off
2026-08-15 10:44:27 | Monitor: on
2026-08-15 10:44:31 | Screen unlocked
2026-08-15 10:44:31 | Timer START | Session #390 | UTC: 2026-08-15T17:44:31.6888487Z
2026-08-15 10:44:31 | Screen unlocked
2026-08-15 10:59:57 | Screen locked
2026-08-15 10:59:57 | Timer END   | Session #390 | Reason: locked | Today: 2:16
2026-08-15 10:59:57 | Monitor: off
2026-08-15 10:59:57 | Screen locked
2026-08-15 13:31:04 | App started
2026-08-15 13:31:04 | Tracker initialized
2026-08-15 13:31:05 | Timer START | Session #391 | UTC: 2026-08-15T20:31:05.0894848Z
2026-08-15 13:31:05 | Monitor: on
2026-08-15 13:31:37 | Log uploaded to GitHub: logs/2026-08-15.log
2026-08-15 13:59:22 | Screen locked
2026-08-15 13:59:22 | Timer END   | Session #391 | Reason: locked | Today: 2:44
2026-08-15 13:59:22 | Screen locked
2026-08-15 13:59:22 | Monitor: off
2026-08-15 15:15:25 | App started
2026-08-15 15:15:25 | Tracker initialized
2026-08-15 15:15:25 | Timer START | Session #392 | UTC: 2026-08-15T22:15:25.7138882Z
2026-08-15 15:15:25 | Monitor: on
2026-08-15 15:15:57 | Log uploaded to GitHub: logs/2026-08-15.log
2026-08-15 15:45:57 | Log uploaded to GitHub: logs/2026-08-15.log
