2026-05-26 15:50:15 | Monitor: on
2026-05-26 15:50:21 | Screen unlocked
2026-05-26 15:50:21 | New day boundary — reset counters
2026-05-26 15:50:21 | Timer START | Session #154 | UTC: 2026-05-26T22:50:21.4754808Z
2026-05-26 15:50:21 | Screen unlocked
2026-05-26 15:57:47 | Log uploaded to GitHub: logs/2026-05-26.log
2026-05-26 16:27:46 | Log uploaded to GitHub: logs/2026-05-26.log
2026-05-26 16:49:57 | Screen locked
2026-05-26 16:49:57 | Timer END   | Session #154 | Reason: locked | Today: 0:59
2026-05-26 16:49:58 | Monitor: off
2026-05-26 16:49:58 | Screen locked
2026-05-26 18:31:21 | Monitor: on
2026-05-26 18:31:27 | Screen unlocked
2026-05-26 18:31:27 | Timer START | Session #155 | UTC: 2026-05-27T01:31:27.3252258Z
2026-05-26 18:31:27 | Screen unlocked
2026-05-26 18:38:58 | Log uploaded to GitHub: logs/2026-05-26.log
2026-05-26 19:08:58 | Log uploaded to GitHub: logs/2026-05-26.log
2026-05-26 19:17:14 | Screen locked
2026-05-26 19:17:14 | Timer END   | Session #155 | Reason: locked | Today: 1:45
2026-05-26 19:17:14 | Screen locked
2026-05-26 19:17:14 | Monitor: off
2026-05-26 19:22:23 | Monitor: on
2026-05-26 19:22:39 | Screen unlocked
2026-05-26 19:22:39 | Timer START | Session #156 | UTC: 2026-05-27T02:22:39.4271243Z
2026-05-26 19:22:39 | Screen unlocked
2026-05-26 19:38:07 | Screen locked
2026-05-26 19:38:07 | Timer END   | Session #156 | Reason: locked | Today: 2:00
2026-05-26 19:38:07 | Screen locked
2026-05-26 19:38:07 | Monitor: off
2026-05-26 20:04:24 | Monitor: on
2026-05-26 20:04:29 | Screen unlocked
2026-05-26 20:04:29 | Timer START | Session #157 | UTC: 2026-05-27T03:04:29.7507850Z
2026-05-26 20:04:29 | Screen unlocked
