2026-05-05 15:48:33 | App started
2026-05-05 15:48:34 | Tracker initialized
2026-05-05 15:48:34 | Timer START | Session #58 | UTC: 2026-05-05T22:48:34.2985816Z
2026-05-05 15:48:34 | Monitor: on
2026-05-05 15:49:05 | Log uploaded to GitHub: logs/2026-05-05.log
2026-05-05 16:19:05 | Log uploaded to GitHub: logs/2026-05-05.log
2026-05-05 16:19:18 | Monitor: dimmed
2026-05-05 16:19:33 | Monitor: off
2026-05-05 16:19:33 | Timer END   | Session #58 | Reason: monitor_off | Today: 16:19
2026-05-05 16:36:33 | Monitor: on
2026-05-05 16:36:33 | Timer START | Session #59 | UTC: 2026-05-05T23:36:33.6514127Z
2026-05-05 16:49:05 | Log uploaded to GitHub: logs/2026-05-05.log
2026-05-05 17:19:05 | Log uploaded to GitHub: logs/2026-05-05.log
2026-05-05 17:23:54 | Screen locked
2026-05-05 17:23:54 | Timer END   | Session #59 | Reason: locked | Today: 17:06
2026-05-05 17:23:54 | Screen locked
2026-05-05 17:23:54 | Monitor: off
2026-05-05 18:08:28 | Monitor: on
2026-05-05 18:08:33 | Screen unlocked
2026-05-05 18:08:33 | Timer START | Session #60 | UTC: 2026-05-06T01:08:33.0617371Z
2026-05-05 18:08:33 | Screen unlocked
2026-05-05 18:33:30 | Log uploaded to GitHub: logs/2026-05-05.log
2026-05-05 18:38:57 | Screen locked
2026-05-05 18:38:57 | Timer END   | Session #60 | Reason: locked | Today: 17:37
2026-05-05 18:38:57 | Monitor: off
2026-05-05 18:38:57 | Screen locked
2026-05-05 18:42:41 | Monitor: on
2026-05-05 18:42:46 | Screen unlocked
2026-05-05 18:42:46 | Timer START | Session #61 | UTC: 2026-05-06T01:42:46.8698457Z
2026-05-05 18:42:46 | Screen unlocked
2026-05-05 18:58:02 | Screen locked
2026-05-05 18:58:02 | Timer END   | Session #61 | Reason: locked | Today: 17:52
2026-05-05 18:58:02 | Screen locked
2026-05-05 18:58:02 | Monitor: off
2026-05-05 19:12:17 | Monitor: on
2026-05-05 19:12:23 | Screen unlocked
2026-05-05 19:12:23 | Timer START | Session #62 | UTC: 2026-05-06T02:12:23.0520334Z
2026-05-05 19:12:23 | Screen unlocked
