2026-06-08 15:54:00 | Monitor: on
2026-06-08 15:54:13 | Screen unlocked
2026-06-08 15:54:13 | New day boundary — reset counters
2026-06-08 15:54:13 | Timer START | Session #210 | UTC: 2026-06-08T22:54:13.2634136Z
2026-06-08 15:54:13 | Screen unlocked
2026-06-08 16:21:36 | Log uploaded to GitHub: logs/2026-06-08.log
2026-06-08 16:51:36 | Log uploaded to GitHub: logs/2026-06-08.log
2026-06-08 17:21:36 | Log uploaded to GitHub: logs/2026-06-08.log
2026-06-08 17:24:54 | Screen locked
2026-06-08 17:24:54 | Timer END   | Session #210 | Reason: locked | Today: 1:30
2026-06-08 17:24:54 | Monitor: off
2026-06-08 17:24:54 | Screen locked
2026-06-08 18:26:08 | Monitor: on
2026-06-08 18:26:12 | Screen unlocked
2026-06-08 18:26:12 | Timer START | Session #211 | UTC: 2026-06-09T01:26:12.0171171Z
2026-06-08 18:26:12 | Screen unlocked
2026-06-08 18:41:42 | Screen locked
2026-06-08 18:41:42 | Timer END   | Session #211 | Reason: locked | Today: 1:46
2026-06-08 18:41:42 | Monitor: off
2026-06-08 18:41:42 | Screen locked
2026-06-08 18:46:02 | Monitor: on
2026-06-08 18:46:12 | Screen unlocked
2026-06-08 18:46:12 | Timer START | Session #212 | UTC: 2026-06-09T01:46:12.7043497Z
2026-06-08 18:46:12 | Screen unlocked
