2026-06-19 15:24:28 | Monitor: on
2026-06-19 15:24:40 | Screen unlocked
2026-06-19 15:24:40 | New day boundary — reset counters
2026-06-19 15:24:40 | Timer START | Session #249 | UTC: 2026-06-19T22:24:40.9286904Z
2026-06-19 15:24:40 | Screen unlocked
2026-06-19 15:53:53 | Log uploaded to GitHub: logs/2026-06-19.log
2026-06-19 16:23:53 | Log uploaded to GitHub: logs/2026-06-19.log
2026-06-19 16:53:53 | Log uploaded to GitHub: logs/2026-06-19.log
2026-06-19 16:56:54 | Screen locked
2026-06-19 16:56:54 | Timer END   | Session #249 | Reason: locked | Today: 1:32
2026-06-19 16:56:54 | Monitor: off
2026-06-19 16:56:54 | Screen locked
2026-06-19 20:39:26 | Monitor: on
2026-06-19 20:39:33 | Screen unlocked
2026-06-19 20:39:33 | Timer START | Session #250 | UTC: 2026-06-20T03:39:33.3559390Z
2026-06-19 20:39:33 | Screen unlocked
2026-06-19 21:03:56 | App started
2026-06-19 21:03:56 | Tracker initialized
2026-06-19 21:03:56 | Timer START | Session #251 | UTC: 2026-06-20T04:03:56.5518669Z
2026-06-19 21:03:56 | Monitor: on
