2026-09-21 08:14:57 | Monitor: on
2026-09-21 08:15:09 | Screen unlocked
2026-09-21 08:15:09 | New day boundary — reset counters
2026-09-21 08:15:09 | Timer START | Session #445 | UTC: 2026-09-21T15:15:09.4085273Z
2026-09-21 08:15:09 | Screen unlocked
2026-09-21 08:15:51 | Log uploaded to GitHub: logs/2026-09-21.log
2026-09-21 08:33:45 | Screen locked
2026-09-21 08:33:45 | Timer END   | Session #445 | Reason: locked | Today: 0:18
2026-09-21 08:33:46 | Monitor: off
2026-09-21 08:33:46 | Screen locked
2026-09-21 15:27:16 | Monitor: on
2026-09-21 15:27:43 | Screen unlocked
2026-09-21 15:27:43 | Timer START | Session #446 | UTC: 2026-09-21T22:27:43.9123834Z
2026-09-21 15:27:43 | Screen unlocked
2026-09-21 15:39:16 | Log uploaded to GitHub: logs/2026-09-21.log
2026-09-21 16:09:16 | Log uploaded to GitHub: logs/2026-09-21.log
2026-09-21 16:39:17 | Log uploaded to GitHub: logs/2026-09-21.log
2026-09-21 17:06:32 | Screen locked
2026-09-21 17:06:32 | Timer END   | Session #446 | Reason: locked | Today: 1:57
2026-09-21 17:06:33 | Screen locked
2026-09-21 17:06:33 | Monitor: off
2026-09-21 19:44:00 | Monitor: on
2026-09-21 19:44:05 | Screen unlocked
2026-09-21 19:44:05 | Timer START | Session #447 | UTC: 2026-09-22T02:44:05.0917644Z
2026-09-21 19:44:05 | Screen unlocked
2026-09-21 19:46:37 | Log uploaded to GitHub: logs/2026-09-21.log
2026-09-21 20:16:37 | Log uploaded to GitHub: logs/2026-09-21.log
2026-09-21 20:46:07 | Catch-up report sent for 2026-09-14
