2026-05-22 15:37:02 | Monitor: on
2026-05-22 15:37:08 | Screen unlocked
2026-05-22 15:37:08 | New day boundary — reset counters
2026-05-22 15:37:08 | Timer START | Session #137 | UTC: 2026-05-22T22:37:08.1353380Z
2026-05-22 15:37:08 | Screen unlocked
2026-05-22 15:41:52 | Log uploaded to GitHub: logs/2026-05-22.log
2026-05-22 16:11:52 | Log uploaded to GitHub: logs/2026-05-22.log
2026-05-22 16:12:36 | Screen locked
2026-05-22 16:12:36 | Timer END   | Session #137 | Reason: locked | Today: 0:35
2026-05-22 16:12:36 | Monitor: off
2026-05-22 16:12:36 | Screen locked
2026-05-22 17:24:53 | Monitor: on
2026-05-22 17:25:01 | Monitor: off
2026-05-22 18:33:51 | Monitor: on
2026-05-22 18:33:55 | Screen unlocked
2026-05-22 18:33:55 | Timer START | Session #138 | UTC: 2026-05-23T01:33:55.9623597Z
2026-05-22 18:33:55 | Screen unlocked
2026-05-22 19:02:46 | Log uploaded to GitHub: logs/2026-05-22.log
2026-05-22 19:04:45 | Screen locked
2026-05-22 19:04:45 | Timer END   | Session #138 | Reason: locked | Today: 1:06
2026-05-22 19:04:45 | Monitor: off
2026-05-22 19:04:45 | Screen locked
2026-05-22 19:05:14 | Monitor: on
2026-05-22 19:05:23 | Screen unlocked
2026-05-22 19:05:23 | Timer START | Session #139 | UTC: 2026-05-23T02:05:23.4914375Z
2026-05-22 19:05:23 | Screen unlocked
2026-05-22 19:12:24 | Screen locked
2026-05-22 19:12:24 | Timer END   | Session #139 | Reason: locked | Today: 1:13
2026-05-22 19:12:25 | Monitor: off
2026-05-22 19:12:25 | Screen locked
2026-05-22 19:15:40 | Monitor: on
2026-05-22 19:15:46 | Screen unlocked
2026-05-22 19:15:46 | Timer START | Session #140 | UTC: 2026-05-23T02:15:46.6020213Z
2026-05-22 19:15:46 | Screen unlocked
2026-05-22 19:33:46 | Screen locked
2026-05-22 19:33:46 | Timer END   | Session #140 | Reason: locked | Today: 1:31
2026-05-22 19:33:46 | Screen locked
2026-05-22 19:33:46 | Monitor: off
2026-05-22 19:34:48 | Monitor: on
2026-05-22 19:34:53 | Screen unlocked
2026-05-22 19:34:53 | Timer START | Session #141 | UTC: 2026-05-23T02:34:53.3943573Z
2026-05-22 19:34:53 | Screen unlocked
