2026-05-27 15:50:27 | Monitor: on
2026-05-27 15:50:32 | Screen unlocked
2026-05-27 15:50:32 | New day boundary — reset counters
2026-05-27 15:50:32 | Timer START | Session #158 | UTC: 2026-05-27T22:50:32.6657179Z
2026-05-27 15:50:32 | Screen unlocked
2026-05-27 16:10:30 | Log uploaded to GitHub: logs/2026-05-27.log
2026-05-27 16:40:30 | Log uploaded to GitHub: logs/2026-05-27.log
2026-05-27 16:50:58 | Screen locked
2026-05-27 16:50:58 | Timer END   | Session #158 | Reason: locked | Today: 1:00
2026-05-27 16:50:59 | Screen locked
2026-05-27 16:50:59 | Monitor: off
2026-05-27 16:52:42 | Monitor: on
2026-05-27 16:53:02 | Screen unlocked
2026-05-27 16:53:02 | Timer START | Session #159 | UTC: 2026-05-27T23:53:02.2794236Z
2026-05-27 16:53:02 | Screen unlocked
2026-05-27 17:00:32 | Screen locked
2026-05-27 17:00:32 | Timer END   | Session #159 | Reason: locked | Today: 1:07
2026-05-27 17:00:33 | Screen locked
2026-05-27 17:00:33 | Monitor: off
2026-05-27 19:12:28 | Monitor: on
2026-05-27 19:12:34 | Screen unlocked
2026-05-27 19:12:35 | Timer START | Session #160 | UTC: 2026-05-28T02:12:34.9977173Z
2026-05-27 19:12:35 | Screen unlocked
