2026-05-17 08:11:00 | Daily report sent: 2026-05-16
2026-05-17 08:11:00 | Monitor: on
2026-05-17 08:11:16 | Screen unlocked
2026-05-17 08:11:16 | New day boundary — reset counters
2026-05-17 08:11:16 | Timer START | Session #118 | UTC: 2026-05-17T15:11:16.4371300Z
2026-05-17 08:11:16 | Screen unlocked
2026-05-17 08:40:26 | Log uploaded to GitHub: logs/2026-05-17.log
2026-05-17 09:10:26 | Log uploaded to GitHub: logs/2026-05-17.log
2026-05-17 09:40:26 | Log uploaded to GitHub: logs/2026-05-17.log
2026-05-17 10:10:26 | Log uploaded to GitHub: logs/2026-05-17.log
2026-05-17 10:12:34 | Screen locked
2026-05-17 10:12:34 | Timer END   | Session #118 | Reason: locked | Today: 2:01
2026-05-17 10:12:35 | Screen locked
2026-05-17 10:12:35 | Monitor: off
2026-05-17 13:01:09 | Monitor: on
2026-05-17 13:01:14 | Screen unlocked
2026-05-17 13:01:14 | Timer START | Session #119 | UTC: 2026-05-17T20:01:14.9565611Z
2026-05-17 13:01:14 | Screen unlocked
2026-05-17 13:28:46 | Log uploaded to GitHub: logs/2026-05-17.log
2026-05-17 13:51:34 | Screen locked
2026-05-17 13:51:34 | Timer END   | Session #119 | Reason: locked | Today: 2:51
2026-05-17 13:51:35 | Screen locked
2026-05-17 13:51:35 | Monitor: off
2026-05-17 19:25:40 | Monitor: on
2026-05-17 19:25:44 | Screen unlocked
2026-05-17 19:25:44 | Timer START | Session #120 | UTC: 2026-05-18T02:25:44.6058936Z
2026-05-17 19:25:44 | Screen unlocked
2026-05-17 19:32:38 | Log uploaded to GitHub: logs/2026-05-17.log
2026-05-17 19:50:47 | Screen locked
2026-05-17 19:50:47 | Timer END   | Session #120 | Reason: locked | Today: 3:16
2026-05-17 19:50:47 | Screen locked
2026-05-17 19:50:47 | Monitor: off
2026-05-17 20:03:52 | Monitor: on
2026-05-17 20:03:58 | Screen unlocked
2026-05-17 20:03:58 | Timer START | Session #121 | UTC: 2026-05-18T03:03:58.7096861Z
2026-05-17 20:03:58 | Screen unlocked
