2026-08-19 07:02:31 | App started
2026-08-19 07:02:31 | Tracker initialized
2026-08-19 07:02:31 | Timer START | Session #408 | UTC: 2026-08-19T14:02:31.5263838Z
2026-08-19 07:02:31 | Monitor: on
2026-08-19 07:03:03 | Log uploaded to GitHub: logs/2026-08-19.log
2026-08-19 07:33:03 | Log uploaded to GitHub: logs/2026-08-19.log
2026-08-19 08:03:02 | Log uploaded to GitHub: logs/2026-08-19.log
2026-08-19 08:19:53 | Screen locked
2026-08-19 08:19:53 | Timer END   | Session #408 | Reason: locked | Today: 1:17
2026-08-19 08:19:53 | Screen locked
2026-08-19 08:19:53 | Monitor: off
2026-08-19 08:26:58 | Monitor: on
2026-08-19 08:27:02 | Screen unlocked
2026-08-19 08:27:02 | Timer START | Session #409 | UTC: 2026-08-19T15:27:02.4776376Z
2026-08-19 08:27:02 | Screen unlocked
2026-08-19 08:38:35 | Screen locked
2026-08-19 08:38:35 | Timer END   | Session #409 | Reason: locked | Today: 1:28
2026-08-19 08:38:35 | Screen locked
2026-08-19 08:38:35 | Monitor: off
2026-08-19 16:33:59 | Monitor: on
2026-08-19 16:34:03 | Screen unlocked
2026-08-19 16:34:03 | Timer START | Session #410 | UTC: 2026-08-19T23:34:03.7872880Z
2026-08-19 16:34:03 | Screen unlocked
2026-08-19 16:35:21 | Log uploaded to GitHub: logs/2026-08-19.log
2026-08-19 17:03:23 | Screen locked
2026-08-19 17:03:23 | Timer END   | Session #410 | Reason: locked | Today: 1:58
2026-08-19 17:03:24 | Monitor: off
2026-08-19 17:03:24 | Screen locked
2026-08-19 19:19:52 | Monitor: on
2026-08-19 19:19:59 | Screen unlocked
2026-08-19 19:19:59 | Timer START | Session #411 | UTC: 2026-08-20T02:19:59.3291359Z
2026-08-19 19:19:59 | Screen unlocked
