2026-05-04 00:19:06 | Log uploaded to GitHub: logs/2026-05-04.log
2026-05-04 00:49:06 | Log uploaded to GitHub: logs/2026-05-04.log
2026-05-04 01:19:06 | Log uploaded to GitHub: logs/2026-05-04.log
2026-05-04 01:49:06 | Log uploaded to GitHub: logs/2026-05-04.log
2026-05-04 02:19:06 | Log uploaded to GitHub: logs/2026-05-04.log
2026-05-04 02:49:06 | Log uploaded to GitHub: logs/2026-05-04.log
2026-05-04 03:19:06 | Log uploaded to GitHub: logs/2026-05-04.log
2026-05-04 03:49:06 | Log uploaded to GitHub: logs/2026-05-04.log
2026-05-04 04:19:06 | Log uploaded to GitHub: logs/2026-05-04.log
2026-05-04 04:49:06 | Log uploaded to GitHub: logs/2026-05-04.log
2026-05-04 05:19:06 | Log uploaded to GitHub: logs/2026-05-04.log
2026-05-04 05:49:06 | Log uploaded to GitHub: logs/2026-05-04.log
2026-05-04 06:19:06 | Log uploaded to GitHub: logs/2026-05-04.log
2026-05-04 06:49:06 | Log uploaded to GitHub: logs/2026-05-04.log
2026-05-04 07:19:06 | Log uploaded to GitHub: logs/2026-05-04.log
2026-05-04 07:49:06 | Log uploaded to GitHub: logs/2026-05-04.log
2026-05-04 08:19:06 | Log uploaded to GitHub: logs/2026-05-04.log
2026-05-04 08:49:16 | Log upload failed: Response status code does not indicate success: 502 (Bad Gateway).
2026-05-04 09:19:06 | Log uploaded to GitHub: logs/2026-05-04.log
2026-05-04 09:49:07 | Log uploaded to GitHub: logs/2026-05-04.log
2026-05-04 10:19:07 | Log uploaded to GitHub: logs/2026-05-04.log
2026-05-04 10:49:07 | Log uploaded to GitHub: logs/2026-05-04.log
2026-05-04 11:19:07 | Log uploaded to GitHub: logs/2026-05-04.log
2026-05-04 11:49:07 | Log uploaded to GitHub: logs/2026-05-04.log
2026-05-04 12:19:07 | Log uploaded to GitHub: logs/2026-05-04.log
2026-05-04 12:49:07 | Log uploaded to GitHub: logs/2026-05-04.log
2026-05-04 13:19:07 | Log uploaded to GitHub: logs/2026-05-04.log
2026-05-04 13:49:07 | Log uploaded to GitHub: logs/2026-05-04.log
2026-05-04 14:19:07 | Log uploaded to GitHub: logs/2026-05-04.log
2026-05-04 14:49:07 | Log uploaded to GitHub: logs/2026-05-04.log
2026-05-04 15:19:07 | Log uploaded to GitHub: logs/2026-05-04.log
2026-05-04 15:21:12 | Monitor: on
2026-05-04 15:21:12 | Timer START | Session #55 | UTC: 2026-05-04T22:21:12.1483560Z
2026-05-04 15:49:07 | Log uploaded to GitHub: logs/2026-05-04.log
2026-05-04 16:19:07 | Log uploaded to GitHub: logs/2026-05-04.log
2026-05-04 16:49:07 | Log uploaded to GitHub: logs/2026-05-04.log
2026-05-04 16:58:59 | Screen locked
2026-05-04 16:58:59 | Timer END   | Session #55 | Reason: locked | Today: 1:37
2026-05-04 16:58:59 | Screen locked
2026-05-04 16:58:59 | Monitor: off
2026-05-04 18:47:01 | Monitor: on
2026-05-04 18:47:11 | Screen unlocked
2026-05-04 18:47:11 | Timer START | Session #56 | UTC: 2026-05-05T01:47:11.2547621Z
2026-05-04 18:47:11 | Screen unlocked
2026-05-04 19:03:24 | Screen locked
2026-05-04 19:03:24 | Timer END   | Session #56 | Reason: locked | Today: 1:54
2026-05-04 19:03:25 | Monitor: off
2026-05-04 19:03:25 | Screen locked
2026-05-04 20:15:39 | Monitor: on
2026-05-04 20:15:43 | Screen unlocked
2026-05-04 20:15:43 | Timer START | Session #57 | UTC: 2026-05-05T03:15:43.9368800Z
2026-05-04 20:15:43 | Screen unlocked
