2026-06-28 06:43:19 | Monitor: on
2026-06-28 06:43:24 | Screen unlocked
2026-06-28 06:43:24 | New day boundary — reset counters
2026-06-28 06:43:24 | Timer START | Session #277 | UTC: 2026-06-28T13:43:24.0035184Z
2026-06-28 06:43:24 | Screen unlocked
2026-06-28 07:09:24 | Log uploaded to GitHub: logs/2026-06-28.log
2026-06-28 07:39:24 | Log uploaded to GitHub: logs/2026-06-28.log
2026-06-28 08:09:24 | Log uploaded to GitHub: logs/2026-06-28.log
2026-06-28 08:39:24 | Log uploaded to GitHub: logs/2026-06-28.log
2026-06-28 08:45:35 | Screen locked
2026-06-28 08:45:35 | Timer END   | Session #277 | Reason: locked | Today: 2:02
2026-06-28 08:45:35 | Monitor: off
2026-06-28 08:45:35 | Screen locked
2026-06-28 08:50:13 | Monitor: on
2026-06-28 08:50:18 | Screen unlocked
2026-06-28 08:50:18 | Timer START | Session #278 | UTC: 2026-06-28T15:50:18.1762727Z
2026-06-28 08:50:18 | Screen unlocked
2026-06-28 09:05:37 | Screen locked
2026-06-28 09:05:37 | Timer END   | Session #278 | Reason: locked | Today: 2:17
2026-06-28 09:05:37 | Screen locked
2026-06-28 09:05:37 | Monitor: off
2026-06-28 10:16:01 | Monitor: on
2026-06-28 10:16:04 | Screen unlocked
2026-06-28 10:16:04 | Timer START | Session #279 | UTC: 2026-06-28T17:16:04.5553239Z
2026-06-28 10:16:04 | Screen unlocked
2026-06-28 10:19:18 | Screen locked
2026-06-28 10:19:18 | Timer END   | Session #279 | Reason: locked | Today: 2:20
2026-06-28 10:19:18 | Screen locked
2026-06-28 10:19:18 | Monitor: off
2026-06-28 10:24:59 | Monitor: on
2026-06-28 10:25:04 | Screen unlocked
2026-06-28 10:25:04 | Timer START | Session #280 | UTC: 2026-06-28T17:25:04.8540294Z
2026-06-28 10:25:04 | Screen unlocked
2026-06-28 10:25:30 | Screen locked
2026-06-28 10:25:30 | Timer END   | Session #280 | Reason: locked | Today: 2:21
2026-06-28 10:25:30 | Monitor: off
2026-06-28 10:25:30 | Screen locked
2026-06-28 15:06:45 | Monitor: on
2026-06-28 15:06:50 | Screen unlocked
2026-06-28 15:06:50 | Timer START | Session #281 | UTC: 2026-06-28T22:06:50.8891660Z
2026-06-28 15:06:50 | Screen unlocked
