2026-05-29 14:26:54 | Monitor: on
2026-05-29 14:26:57 | Screen unlocked
2026-05-29 14:26:57 | New day boundary — reset counters
2026-05-29 14:26:57 | Timer START | Session #164 | UTC: 2026-05-29T21:26:57.7847600Z
2026-05-29 14:26:57 | Screen unlocked
2026-05-29 14:56:31 | Log uploaded to GitHub: logs/2026-05-29.log
2026-05-29 15:26:32 | Log uploaded to GitHub: logs/2026-05-29.log
2026-05-29 15:27:34 | Screen locked
2026-05-29 15:27:34 | Timer END   | Session #164 | Reason: locked | Today: 1:00
2026-05-29 15:27:35 | Monitor: off
2026-05-29 15:27:35 | Screen locked
2026-05-29 18:10:43 | Monitor: on
2026-05-29 18:10:50 | Screen unlocked
2026-05-29 18:10:50 | Timer START | Session #165 | UTC: 2026-05-30T01:10:50.1778376Z
2026-05-29 18:10:50 | Screen unlocked
2026-05-29 18:26:33 | Screen locked
2026-05-29 18:26:33 | Timer END   | Session #165 | Reason: locked | Today: 1:16
2026-05-29 18:26:33 | Screen locked
2026-05-29 18:26:38 | Screen unlocked
2026-05-29 18:26:38 | Timer START | Session #166 | UTC: 2026-05-30T01:26:38.9045656Z
2026-05-29 18:26:38 | Screen unlocked
2026-05-29 18:26:42 | Screen locked
2026-05-29 18:26:42 | Timer END   | Session #166 | Reason: locked | Today: 1:16
2026-05-29 18:26:42 | Screen locked
2026-05-29 18:26:43 | Monitor: off
2026-05-29 18:33:28 | Monitor: on
2026-05-29 18:33:33 | Screen unlocked
2026-05-29 18:33:33 | Timer START | Session #167 | UTC: 2026-05-30T01:33:33.5765791Z
2026-05-29 18:33:33 | Screen unlocked
