2026-06-12 16:20:44 | Monitor: on
2026-06-12 16:20:48 | Screen unlocked
2026-06-12 16:20:48 | New day boundary — reset counters
2026-06-12 16:20:48 | Timer START | Session #223 | UTC: 2026-06-12T23:20:48.9484984Z
2026-06-12 16:20:48 | Screen unlocked
2026-06-12 16:50:01 | Log uploaded to GitHub: logs/2026-06-12.log
2026-06-12 17:13:47 | Screen locked
2026-06-12 17:13:47 | Timer END   | Session #223 | Reason: locked | Today: 0:52
2026-06-12 17:13:47 | Screen locked
2026-06-12 17:13:47 | Monitor: off
2026-06-12 18:04:51 | Monitor: on
2026-06-12 18:04:57 | Screen unlocked
2026-06-12 18:04:57 | Timer START | Session #224 | UTC: 2026-06-13T01:04:57.4409113Z
2026-06-12 18:04:57 | Screen unlocked
2026-06-12 18:11:00 | Log uploaded to GitHub: logs/2026-06-12.log
2026-06-12 18:28:20 | Screen locked
2026-06-12 18:28:20 | Timer END   | Session #224 | Reason: locked | Today: 1:16
2026-06-12 18:28:21 | Monitor: off
2026-06-12 18:28:21 | Screen locked
2026-06-12 18:45:50 | Monitor: on
2026-06-12 18:45:51 | Screen unlocked
2026-06-12 18:45:51 | Timer START | Session #225 | UTC: 2026-06-13T01:45:51.9315138Z
2026-06-12 18:45:51 | Screen unlocked
