2026-06-25 08:11:01 | Monitor: off
2026-06-25 08:12:11 | Monitor: on
2026-06-25 08:12:25 | Monitor: off
2026-06-25 11:25:28 | Monitor: on
2026-06-25 11:25:34 | Screen unlocked
2026-06-25 11:25:34 | New day boundary — reset counters
2026-06-25 11:25:34 | Timer START | Session #268 | UTC: 2026-06-25T18:25:34.0481520Z
2026-06-25 11:25:34 | Screen unlocked
2026-06-25 11:44:25 | Log uploaded to GitHub: logs/2026-06-25.log
2026-06-25 12:14:25 | Log uploaded to GitHub: logs/2026-06-25.log
2026-06-25 12:16:27 | Screen locked
2026-06-25 12:16:27 | Timer END   | Session #268 | Reason: locked | Today: 0:50
2026-06-25 12:16:27 | Screen locked
2026-06-25 12:16:27 | Monitor: off
2026-06-25 12:43:37 | Monitor: on
2026-06-25 12:43:41 | Screen unlocked
2026-06-25 12:43:41 | Timer START | Session #269 | UTC: 2026-06-25T19:43:41.5581810Z
2026-06-25 12:43:41 | Screen unlocked
2026-06-25 13:11:29 | Log uploaded to GitHub: logs/2026-06-25.log
2026-06-25 13:41:29 | Log uploaded to GitHub: logs/2026-06-25.log
