2026-06-27 06:50:15 | Monitor: on
2026-06-27 06:50:22 | Screen unlocked
2026-06-27 06:50:22 | New day boundary — reset counters
2026-06-27 06:50:22 | Timer START | Session #274 | UTC: 2026-06-27T13:50:22.3593999Z
2026-06-27 06:50:22 | Screen unlocked
2026-06-27 07:19:33 | Log uploaded to GitHub: logs/2026-06-27.log
2026-06-27 07:49:33 | Log uploaded to GitHub: logs/2026-06-27.log
2026-06-27 08:19:33 | Log uploaded to GitHub: logs/2026-06-27.log
2026-06-27 08:49:33 | Log uploaded to GitHub: logs/2026-06-27.log
2026-06-27 08:52:04 | Screen locked
2026-06-27 08:52:04 | Timer END   | Session #274 | Reason: locked | Today: 2:01
2026-06-27 08:52:04 | Screen locked
2026-06-27 08:52:04 | Monitor: off
2026-06-27 09:24:35 | Monitor: on
2026-06-27 09:24:41 | Screen unlocked
2026-06-27 09:24:41 | Timer START | Session #275 | UTC: 2026-06-27T16:24:41.3310584Z
2026-06-27 09:24:41 | Screen unlocked
2026-06-27 09:40:21 | Screen locked
2026-06-27 09:40:21 | Timer END   | Session #275 | Reason: locked | Today: 2:17
2026-06-27 09:40:22 | Monitor: off
2026-06-27 09:40:22 | Screen locked
2026-06-27 19:08:50 | Monitor: on
2026-06-27 19:08:54 | Screen unlocked
2026-06-27 19:08:54 | Timer START | Session #276 | UTC: 2026-06-28T02:08:54.4029919Z
2026-06-27 19:08:54 | Screen unlocked
