2026-05-14 15:59:00 | Monitor: on
2026-05-14 15:59:04 | Screen unlocked
2026-05-14 15:59:04 | New day boundary — reset counters
2026-05-14 15:59:04 | Timer START | Session #105 | UTC: 2026-05-14T22:59:04.3166158Z
2026-05-14 15:59:04 | Screen unlocked
2026-05-14 16:00:54 | Log uploaded to GitHub: logs/2026-05-14.log
2026-05-14 16:23:52 | Monitor: dimmed
2026-05-14 16:25:39 | Monitor: on
2026-05-14 16:30:19 | Screen locked
2026-05-14 16:30:19 | Timer END   | Session #105 | Reason: locked | Today: 0:31
2026-05-14 16:30:20 | Monitor: off
2026-05-14 16:30:20 | Screen locked
2026-05-14 18:21:16 | Monitor: on
2026-05-14 18:21:21 | Screen unlocked
2026-05-14 18:21:21 | Timer START | Session #106 | UTC: 2026-05-15T01:21:21.8188946Z
2026-05-14 18:21:21 | Screen unlocked
2026-05-14 18:21:44 | Log uploaded to GitHub: logs/2026-05-14.log
2026-05-14 18:26:52 | Monitor: dimmed
2026-05-14 18:27:07 | Monitor: off
2026-05-14 18:27:07 | Timer END   | Session #106 | Reason: monitor_off | Today: 0:37
2026-05-14 18:29:35 | Monitor: on
2026-05-14 18:29:35 | Timer START | Session #107 | UTC: 2026-05-15T01:29:35.8902233Z
