2026-08-12 06:51:26 | App started
2026-08-12 06:51:26 | Tracker initialized
2026-08-12 06:51:26 | Timer START | Session #381 | UTC: 2026-08-12T13:51:26.6752043Z
2026-08-12 06:51:26 | Monitor: on
2026-08-12 06:51:58 | Log uploaded to GitHub: logs/2026-08-12.log
2026-08-12 07:21:58 | Log uploaded to GitHub: logs/2026-08-12.log
2026-08-12 07:51:58 | Log uploaded to GitHub: logs/2026-08-12.log
2026-08-12 08:21:58 | Log uploaded to GitHub: logs/2026-08-12.log
2026-08-12 08:51:58 | Log uploaded to GitHub: logs/2026-08-12.log
2026-08-12 09:06:07 | Screen locked
2026-08-12 09:06:07 | Timer END   | Session #381 | Reason: locked | Today: 2:14
2026-08-12 09:06:07 | Screen locked
2026-08-12 09:06:07 | Monitor: off
2026-08-12 19:26:44 | Monitor: on
2026-08-12 19:27:44 | Monitor: off
2026-08-12 19:28:13 | Monitor: on
2026-08-12 19:28:18 | Screen unlocked
2026-08-12 19:28:18 | Timer START | Session #382 | UTC: 2026-08-13T02:28:18.4465842Z
2026-08-12 19:28:18 | Screen unlocked
2026-08-12 19:42:25 | Log uploaded to GitHub: logs/2026-08-12.log
