2026-05-18 07:13:09 | Daily report failed: No such host is known.
2026-05-18 07:13:09 | Monitor: on
2026-05-18 07:13:13 | Screen unlocked
2026-05-18 07:13:13 | New day boundary — reset counters
2026-05-18 07:13:14 | Timer START | Session #122 | UTC: 2026-05-18T14:13:13.9609554Z
2026-05-18 07:13:14 | Screen unlocked
2026-05-18 07:13:30 | Log uploaded to GitHub: logs/2026-05-18.log
2026-05-18 07:43:30 | Log uploaded to GitHub: logs/2026-05-18.log
2026-05-18 08:13:30 | Log uploaded to GitHub: logs/2026-05-18.log
2026-05-18 08:43:30 | Log uploaded to GitHub: logs/2026-05-18.log
2026-05-18 09:13:30 | Log uploaded to GitHub: logs/2026-05-18.log
2026-05-18 09:26:35 | Screen locked
2026-05-18 09:26:35 | Timer END   | Session #122 | Reason: locked | Today: 2:13
2026-05-18 09:26:36 | Screen locked
2026-05-18 09:26:36 | Monitor: off
2026-05-18 15:10:55 | Monitor: on
2026-05-18 15:11:03 | Screen unlocked
2026-05-18 15:11:03 | Timer START | Session #123 | UTC: 2026-05-18T22:11:03.9262135Z
2026-05-18 15:11:03 | Screen unlocked
2026-05-18 15:26:33 | Screen locked
2026-05-18 15:26:33 | Timer END   | Session #123 | Reason: locked | Today: 2:28
2026-05-18 15:26:33 | Screen locked
2026-05-18 15:26:33 | Monitor: off
2026-05-18 18:29:19 | Monitor: on
2026-05-18 18:29:30 | Screen unlocked
2026-05-18 18:29:30 | Timer START | Session #124 | UTC: 2026-05-19T01:29:30.0736524Z
2026-05-18 18:29:30 | Screen unlocked
2026-05-18 18:30:14 | Log uploaded to GitHub: logs/2026-05-18.log
