2026-07-20 07:15:00 | Monitor: on
2026-07-20 07:15:16 | Screen unlocked
2026-07-20 07:15:16 | New day boundary — reset counters
2026-07-20 07:15:16 | Timer START | Session #296 | UTC: 2026-07-20T14:15:16.7357124Z
2026-07-20 07:15:16 | Screen unlocked
2026-07-20 07:24:40 | Log uploaded to GitHub: logs/2026-07-20.log
2026-07-20 07:54:39 | Log uploaded to GitHub: logs/2026-07-20.log
2026-07-20 08:18:30 | Screen locked
2026-07-20 08:18:30 | Timer END   | Session #296 | Reason: locked | Today: 1:03
2026-07-20 08:18:30 | Screen locked
2026-07-20 08:18:31 | Monitor: off
2026-07-20 08:50:47 | App started
2026-07-20 08:50:48 | Tracker initialized
2026-07-20 08:50:48 | Timer START | Session #297 | UTC: 2026-07-20T15:50:48.2897980Z
2026-07-20 08:50:48 | Monitor: on
2026-07-20 08:51:20 | Log uploaded to GitHub: logs/2026-07-20.log
2026-07-20 08:56:53 | Screen locked
2026-07-20 08:56:53 | Timer END   | Session #297 | Reason: locked | Today: 1:09
2026-07-20 08:56:54 | Screen locked
2026-07-20 08:56:54 | Monitor: off
2026-07-20 15:27:50 | Monitor: on
2026-07-20 15:27:56 | Screen unlocked
2026-07-20 15:27:56 | Timer START | Session #298 | UTC: 2026-07-20T22:27:56.0847077Z
2026-07-20 15:27:56 | Screen unlocked
2026-07-20 15:52:11 | Log uploaded to GitHub: logs/2026-07-20.log
2026-07-20 16:22:11 | Log uploaded to GitHub: logs/2026-07-20.log
2026-07-20 16:25:00 | Screen locked
2026-07-20 16:25:00 | Timer END   | Session #298 | Reason: locked | Today: 2:06
2026-07-20 16:25:01 | Screen locked
2026-07-20 16:25:01 | Monitor: off
2026-07-20 16:35:06 | Monitor: on
2026-07-20 16:35:15 | Screen unlocked
2026-07-20 16:35:15 | Timer START | Session #299 | UTC: 2026-07-20T23:35:15.5516213Z
2026-07-20 16:35:15 | Screen unlocked
2026-07-20 16:50:36 | Screen locked
2026-07-20 16:50:36 | Timer END   | Session #299 | Reason: locked | Today: 2:21
2026-07-20 16:50:36 | Screen locked
2026-07-20 16:50:36 | Monitor: off
2026-07-20 16:57:23 | Monitor: on
2026-07-20 16:57:27 | Screen unlocked
2026-07-20 16:57:27 | Timer START | Session #300 | UTC: 2026-07-20T23:57:27.4531592Z
2026-07-20 16:57:27 | Screen unlocked
