2026-08-06 06:52:16 | App started
2026-08-06 06:52:16 | Tracker initialized
2026-08-06 06:52:16 | Timer START | Session #367 | UTC: 2026-08-06T13:52:16.9421246Z
2026-08-06 06:52:17 | Monitor: on
2026-08-06 06:52:49 | Log uploaded to GitHub: logs/2026-08-06.log
2026-08-06 07:22:49 | Log uploaded to GitHub: logs/2026-08-06.log
2026-08-06 07:52:48 | Log uploaded to GitHub: logs/2026-08-06.log
2026-08-06 08:22:48 | Log uploaded to GitHub: logs/2026-08-06.log
2026-08-06 08:36:12 | Screen locked
2026-08-06 08:36:12 | Timer END   | Session #367 | Reason: locked | Today: 1:43
2026-08-06 08:36:12 | Screen locked
2026-08-06 08:36:12 | Monitor: off
2026-08-06 15:55:13 | App started
2026-08-06 15:55:13 | Tracker initialized
2026-08-06 15:55:14 | Timer START | Session #368 | UTC: 2026-08-06T22:55:14.0904166Z
2026-08-06 15:55:14 | Monitor: on
2026-08-06 15:55:46 | Log uploaded to GitHub: logs/2026-08-06.log
2026-08-06 16:25:45 | Log uploaded to GitHub: logs/2026-08-06.log
2026-08-06 16:33:33 | Screen locked
2026-08-06 16:33:33 | Timer END   | Session #368 | Reason: locked | Today: 2:22
2026-08-06 16:33:33 | Screen locked
2026-08-06 16:33:33 | Monitor: off
2026-08-06 20:00:22 | App started
2026-08-06 20:00:23 | Tracker initialized
2026-08-06 20:00:23 | Timer START | Session #369 | UTC: 2026-08-07T03:00:23.3562687Z
2026-08-06 20:00:23 | Monitor: on
