2026-08-01 07:03:13 | App started
2026-08-01 07:03:13 | Tracker initialized
2026-08-01 07:03:13 | Timer START | Session #351 | UTC: 2026-08-01T14:03:13.9780426Z
2026-08-01 07:03:14 | Monitor: on
2026-08-01 07:03:46 | Log uploaded to GitHub: logs/2026-08-01.log
2026-08-01 07:33:45 | Log uploaded to GitHub: logs/2026-08-01.log
2026-08-01 08:03:45 | Log uploaded to GitHub: logs/2026-08-01.log
2026-08-01 08:33:45 | Log uploaded to GitHub: logs/2026-08-01.log
2026-08-01 08:56:10 | Screen locked
2026-08-01 08:56:10 | Timer END   | Session #351 | Reason: locked | Today: 1:52
2026-08-01 08:56:10 | Screen locked
2026-08-01 08:56:10 | Monitor: off
2026-08-01 09:51:28 | App started
2026-08-01 09:51:28 | Tracker initialized
2026-08-01 09:51:28 | Timer START | Session #352 | UTC: 2026-08-01T16:51:28.6266652Z
2026-08-01 09:51:28 | Monitor: on
2026-08-01 09:52:00 | Log uploaded to GitHub: logs/2026-08-01.log
2026-08-01 10:22:00 | Log uploaded to GitHub: logs/2026-08-01.log
2026-08-01 10:36:44 | Screen locked
2026-08-01 10:36:44 | Timer END   | Session #352 | Reason: locked | Today: 2:38
2026-08-01 10:36:44 | Monitor: off
2026-08-01 10:36:44 | Screen locked
2026-08-01 19:32:04 | App started
2026-08-01 19:32:04 | Tracker initialized
2026-08-01 19:32:04 | Timer START | Session #353 | UTC: 2026-08-02T02:32:04.6914761Z
2026-08-01 19:32:04 | Monitor: on
2026-08-01 19:32:36 | Log uploaded to GitHub: logs/2026-08-01.log
2026-08-01 20:02:36 | Log uploaded to GitHub: logs/2026-08-01.log
