2026-06-01 16:39:48 | Monitor: on
2026-06-01 16:39:52 | Screen unlocked
2026-06-01 16:39:52 | New day boundary — reset counters
2026-06-01 16:39:52 | Timer START | Session #178 | UTC: 2026-06-01T23:39:52.7666664Z
2026-06-01 16:39:52 | Screen unlocked
2026-06-01 16:51:36 | Log uploaded to GitHub: logs/2026-06-01.log
2026-06-01 17:21:36 | Log uploaded to GitHub: logs/2026-06-01.log
2026-06-01 17:51:36 | Log uploaded to GitHub: logs/2026-06-01.log
2026-06-01 18:14:31 | Screen locked
2026-06-01 18:14:31 | Timer END   | Session #178 | Reason: locked | Today: 1:34
2026-06-01 18:14:31 | Monitor: off
2026-06-01 18:14:31 | Screen locked
2026-06-01 18:46:25 | Monitor: on
2026-06-01 18:46:32 | Screen unlocked
2026-06-01 18:46:32 | Timer START | Session #179 | UTC: 2026-06-02T01:46:32.6904231Z
2026-06-01 18:46:32 | Screen unlocked
2026-06-01 18:53:16 | Log uploaded to GitHub: logs/2026-06-01.log
2026-06-01 19:12:55 | Screen locked
2026-06-01 19:12:55 | Timer END   | Session #179 | Reason: locked | Today: 2:01
2026-06-01 19:12:56 | Monitor: off
2026-06-01 19:12:56 | Screen locked
2026-06-01 19:13:28 | Monitor: on
2026-06-01 19:13:31 | Screen unlocked
2026-06-01 19:13:31 | Timer START | Session #180 | UTC: 2026-06-02T02:13:31.6646474Z
2026-06-01 19:13:31 | Screen unlocked
