2026-10-05 02:17:09 | App started
2026-10-05 02:17:09 | Tracker initialized
2026-10-05 02:17:09 | Timer START | Session #489 | UTC: 2026-10-05T09:17:09.9412443Z
2026-10-05 02:17:10 | Monitor: off
2026-10-05 02:17:10 | Timer END   | Session #489 | Reason: monitor_off | Today: 0:00
2026-10-05 02:17:41 | Log uploaded to GitHub: logs/2026-10-05.log
2026-10-05 02:18:53 | Screen locked
2026-10-05 02:18:53 | Screen locked
2026-10-05 15:11:43 | Monitor: on
2026-10-05 15:22:44 | App started
2026-10-05 15:22:44 | Tracker initialized
2026-10-05 15:22:45 | Timer START | Session #490 | UTC: 2026-10-05T22:22:45.0033239Z
2026-10-05 15:22:45 | Monitor: on
2026-10-05 15:23:17 | Log uploaded to GitHub: logs/2026-10-05.log
2026-10-05 15:34:47 | Screen locked
2026-10-05 15:34:47 | Timer END   | Session #490 | Reason: locked | Today: 0:12
2026-10-05 15:34:47 | Screen locked
2026-10-05 15:34:47 | Monitor: off
2026-10-05 15:34:56 | Monitor: on
2026-10-05 15:35:04 | Screen unlocked
2026-10-05 15:35:04 | Timer START | Session #491 | UTC: 2026-10-05T22:35:04.7011902Z
2026-10-05 15:35:04 | Screen unlocked
2026-10-05 15:53:22 | Log uploaded to GitHub: logs/2026-10-05.log
2026-10-05 16:23:22 | Log uploaded to GitHub: logs/2026-10-05.log
