2026-09-26 07:42:10 | Monitor: on
2026-09-26 07:42:18 | Screen unlocked
2026-09-26 07:42:18 | New day boundary — reset counters
2026-09-26 07:42:18 | Timer START | Session #458 | UTC: 2026-09-26T14:42:18.0300691Z
2026-09-26 07:42:18 | Screen unlocked
2026-09-26 08:01:05 | Log uploaded to GitHub: logs/2026-09-26.log
2026-09-26 08:31:06 | Log uploaded to GitHub: logs/2026-09-26.log
2026-09-26 09:01:05 | Log uploaded to GitHub: logs/2026-09-26.log
2026-09-26 09:31:05 | Log uploaded to GitHub: logs/2026-09-26.log
2026-09-26 09:41:27 | Screen locked
2026-09-26 09:41:27 | Timer END   | Session #458 | Reason: locked | Today: 1:59
2026-09-26 09:41:28 | Monitor: off
2026-09-26 09:41:28 | Screen locked
2026-09-26 15:26:52 | Monitor: on
2026-09-26 15:27:26 | Screen unlocked
2026-09-26 15:27:26 | Timer START | Session #459 | UTC: 2026-09-26T22:27:26.4739689Z
2026-09-26 15:27:26 | Screen unlocked
2026-09-26 15:46:25 | Log uploaded to GitHub: logs/2026-09-26.log
2026-09-26 16:16:25 | Log uploaded to GitHub: logs/2026-09-26.log
2026-09-26 16:46:25 | Log uploaded to GitHub: logs/2026-09-26.log
2026-09-26 17:09:09 | Screen locked
2026-09-26 17:09:09 | Timer END   | Session #459 | Reason: locked | Today: 3:40
2026-09-26 17:09:09 | Screen locked
2026-09-26 17:09:09 | Monitor: off
2026-09-26 19:19:55 | Monitor: on
2026-09-26 19:19:59 | Screen unlocked
2026-09-26 19:19:59 | Timer START | Session #460 | UTC: 2026-09-27T02:19:59.8791930Z
2026-09-26 19:19:59 | Screen unlocked
