2026-08-17 07:17:48 | App started
2026-08-17 07:17:49 | Tracker initialized
2026-08-17 07:17:49 | Timer START | Session #396 | UTC: 2026-08-17T14:17:49.2671232Z
2026-08-17 07:17:49 | Monitor: on
2026-08-17 07:18:22 | Log uploaded to GitHub: logs/2026-08-17.log
2026-08-17 07:33:42 | Update check failed: Response status code does not indicate success: 504 (Gateway Timeout).
2026-08-17 07:48:22 | Log uploaded to GitHub: logs/2026-08-17.log
2026-08-17 08:02:53 | Screen locked
2026-08-17 08:02:53 | Timer END   | Session #396 | Reason: locked | Today: 0:45
2026-08-17 08:02:54 | Screen locked
2026-08-17 08:02:54 | Monitor: off
2026-08-17 08:20:39 | Monitor: on
2026-08-17 08:20:43 | Screen unlocked
2026-08-17 08:20:43 | Timer START | Session #397 | UTC: 2026-08-17T15:20:43.9187658Z
2026-08-17 08:20:43 | Screen unlocked
2026-08-17 08:36:02 | Log uploaded to GitHub: logs/2026-08-17.log
2026-08-17 08:37:56 | Screen locked
2026-08-17 08:37:56 | Timer END   | Session #397 | Reason: locked | Today: 1:02
2026-08-17 08:37:57 | Monitor: off
2026-08-17 08:37:57 | Screen locked
2026-08-17 16:38:36 | Monitor: on
2026-08-17 16:38:41 | Screen unlocked
2026-08-17 16:38:41 | Timer START | Session #398 | UTC: 2026-08-17T23:38:41.8244218Z
2026-08-17 16:38:41 | Screen unlocked
2026-08-17 17:06:37 | Log uploaded to GitHub: logs/2026-08-17.log
2026-08-17 17:14:18 | Monitor: dimmed
2026-08-17 17:14:33 | Monitor: off
2026-08-17 17:14:33 | Timer END   | Session #398 | Reason: monitor_off | Today: 1:38
2026-08-17 17:17:29 | Monitor: on
2026-08-17 17:17:29 | Timer START | Session #399 | UTC: 2026-08-18T00:17:29.4640916Z
2026-08-17 17:36:37 | Log uploaded to GitHub: logs/2026-08-17.log
2026-08-17 17:42:55 | Screen locked
2026-08-17 17:42:55 | Timer END   | Session #399 | Reason: locked | Today: 2:03
2026-08-17 17:42:56 | Screen locked
2026-08-17 17:42:56 | Monitor: off
2026-08-17 18:43:36 | Monitor: on
2026-08-17 18:43:43 | Screen unlocked
2026-08-17 18:43:43 | Timer START | Session #400 | UTC: 2026-08-18T01:43:43.2089847Z
2026-08-17 18:43:43 | Screen unlocked
2026-08-17 19:07:12 | Log uploaded to GitHub: logs/2026-08-17.log
2026-08-17 19:37:13 | Log uploaded to GitHub: logs/2026-08-17.log
2026-08-17 19:49:01 | Screen locked
2026-08-17 19:49:01 | Timer END   | Session #400 | Reason: locked | Today: 3:08
2026-08-17 19:49:01 | Screen locked
2026-08-17 19:49:01 | Monitor: off
2026-08-17 19:49:19 | Monitor: on
2026-08-17 19:49:34 | Screen unlocked
2026-08-17 19:49:34 | Timer START | Session #401 | UTC: 2026-08-18T02:49:34.2334012Z
2026-08-17 19:49:34 | Screen unlocked
2026-08-17 19:55:37 | Monitor: dimmed
2026-08-17 19:55:51 | Monitor: off
2026-08-17 19:55:51 | Timer END   | Session #401 | Reason: monitor_off | Today: 3:15
2026-08-17 20:06:14 | Screen locked
2026-08-17 20:06:14 | Screen locked
2026-08-17 20:24:41 | Monitor: on
2026-08-17 20:24:52 | Screen unlocked
2026-08-17 20:24:52 | Timer START | Session #402 | UTC: 2026-08-18T03:24:52.6332730Z
2026-08-17 20:24:52 | Screen unlocked
