2026-06-06 07:32:22 | Monitor: on
2026-06-06 07:32:38 | Screen unlocked
2026-06-06 07:32:38 | New day boundary — reset counters
2026-06-06 07:32:38 | Timer START | Session #198 | UTC: 2026-06-06T14:32:38.1580283Z
2026-06-06 07:32:38 | Screen unlocked
2026-06-06 07:52:54 | Log uploaded to GitHub: logs/2026-06-06.log
2026-06-06 08:22:54 | Log uploaded to GitHub: logs/2026-06-06.log
2026-06-06 08:52:54 | Log uploaded to GitHub: logs/2026-06-06.log
2026-06-06 09:22:54 | Log uploaded to GitHub: logs/2026-06-06.log
2026-06-06 09:33:14 | Screen locked
2026-06-06 09:33:14 | Timer END   | Session #198 | Reason: locked | Today: 2:00
2026-06-06 09:33:14 | Monitor: off
2026-06-06 09:33:14 | Screen locked
2026-06-06 16:44:21 | Monitor: on
2026-06-06 16:44:40 | Screen unlocked
2026-06-06 16:44:40 | Timer START | Session #199 | UTC: 2026-06-06T23:44:40.7496682Z
2026-06-06 16:44:40 | Screen unlocked
2026-06-06 17:00:25 | Screen locked
2026-06-06 17:00:25 | Timer END   | Session #199 | Reason: locked | Today: 2:16
2026-06-06 17:00:26 | Screen locked
2026-06-06 17:00:26 | Monitor: off
2026-06-06 17:56:34 | Monitor: on
2026-06-06 17:56:38 | Screen unlocked
2026-06-06 17:56:38 | Timer START | Session #200 | UTC: 2026-06-07T00:56:38.5527568Z
2026-06-06 17:56:38 | Screen unlocked
