2026-06-17 16:16:24 | Monitor: on
2026-06-17 16:16:29 | Screen unlocked
2026-06-17 16:16:29 | New day boundary — reset counters
2026-06-17 16:16:29 | Timer START | Session #244 | UTC: 2026-06-17T23:16:29.6440848Z
2026-06-17 16:16:29 | Screen unlocked
2026-06-17 16:41:02 | Log uploaded to GitHub: logs/2026-06-17.log
2026-06-17 16:58:37 | Screen locked
2026-06-17 16:58:37 | Timer END   | Session #244 | Reason: locked | Today: 0:42
2026-06-17 16:58:37 | Monitor: off
2026-06-17 16:58:37 | Screen locked
2026-06-17 18:06:00 | Monitor: on
2026-06-17 18:06:04 | Screen unlocked
2026-06-17 18:06:04 | Timer START | Session #245 | UTC: 2026-06-18T01:06:04.3357808Z
2026-06-17 18:06:04 | Screen unlocked
2026-06-17 18:18:18 | Log uploaded to GitHub: logs/2026-06-17.log
2026-06-17 18:48:18 | Log uploaded to GitHub: logs/2026-06-17.log
2026-06-17 19:18:18 | Log uploaded to GitHub: logs/2026-06-17.log
2026-06-17 19:48:18 | Log uploaded to GitHub: logs/2026-06-17.log
2026-06-17 19:52:20 | Monitor: dimmed
2026-06-17 19:52:35 | Monitor: off
2026-06-17 19:52:35 | Timer END   | Session #245 | Reason: monitor_off | Today: 2:28
2026-06-17 20:02:57 | Screen locked
2026-06-17 20:02:57 | Screen locked
2026-06-17 21:11:03 | Monitor: on
