2026-07-22 02:11:22 | App started
2026-07-22 02:11:23 | Tracker initialized
2026-07-22 02:11:23 | Timer START | Session #308 | UTC: 2026-07-22T09:11:23.2395528Z
2026-07-22 02:11:23 | Monitor: on
2026-07-22 02:11:55 | Log uploaded to GitHub: logs/2026-07-22.log
2026-07-22 02:16:14 | Monitor: dimmed
2026-07-22 02:16:30 | Monitor: off
2026-07-22 02:16:30 | Timer END   | Session #308 | Reason: monitor_off | Today: 0:05
2026-07-22 02:34:56 | Screen locked
2026-07-22 02:34:56 | Screen locked
2026-07-22 07:43:06 | Monitor: on
2026-07-22 07:43:21 | Screen unlocked
2026-07-22 07:43:21 | Timer START | Session #309 | UTC: 2026-07-22T14:43:21.2561857Z
2026-07-22 07:43:21 | Screen unlocked
2026-07-22 07:49:59 | Log uploaded to GitHub: logs/2026-07-22.log
2026-07-22 08:19:59 | Log uploaded to GitHub: logs/2026-07-22.log
2026-07-22 08:49:59 | Log uploaded to GitHub: logs/2026-07-22.log
2026-07-22 09:13:44 | Screen locked
2026-07-22 09:13:44 | Timer END   | Session #309 | Reason: locked | Today: 1:35
2026-07-22 09:13:44 | Monitor: off
2026-07-22 09:13:44 | Screen locked
2026-07-22 18:04:28 | Monitor: on
2026-07-22 18:04:35 | Screen unlocked
2026-07-22 18:04:35 | Timer START | Session #310 | UTC: 2026-07-23T01:04:35.3171346Z
2026-07-22 18:04:35 | Screen unlocked
2026-07-22 18:10:34 | Log uploaded to GitHub: logs/2026-07-22.log
2026-07-22 18:33:02 | Screen locked
2026-07-22 18:33:02 | Timer END   | Session #310 | Reason: locked | Today: 2:03
2026-07-22 18:33:03 | Screen locked
2026-07-22 18:33:03 | Monitor: off
2026-07-22 19:09:23 | Monitor: on
2026-07-22 19:09:29 | Screen unlocked
2026-07-22 19:09:29 | Timer START | Session #311 | UTC: 2026-07-23T02:09:29.7249208Z
2026-07-22 19:09:29 | Screen unlocked
