2026-09-25 08:12:42 | Monitor: on
2026-09-25 08:12:48 | Screen unlocked
2026-09-25 08:12:48 | New day boundary — reset counters
2026-09-25 08:12:48 | Timer START | Session #454 | UTC: 2026-09-25T15:12:48.0051073Z
2026-09-25 08:12:48 | Screen unlocked
2026-09-25 08:27:30 | Log uploaded to GitHub: logs/2026-09-25.log
2026-09-25 08:57:30 | Log uploaded to GitHub: logs/2026-09-25.log
2026-09-25 09:27:30 | Log uploaded to GitHub: logs/2026-09-25.log
2026-09-25 09:57:30 | Log uploaded to GitHub: logs/2026-09-25.log
2026-09-25 10:27:30 | Log uploaded to GitHub: logs/2026-09-25.log
2026-09-25 10:29:10 | Screen locked
2026-09-25 10:29:10 | Timer END   | Session #454 | Reason: locked | Today: 2:16
2026-09-25 10:29:10 | Monitor: off
2026-09-25 10:29:10 | Screen locked
2026-09-25 11:00:55 | Monitor: on
2026-09-25 11:01:00 | Screen unlocked
2026-09-25 11:01:00 | Timer START | Session #455 | UTC: 2026-09-25T18:01:00.6115391Z
2026-09-25 11:01:00 | Screen unlocked
2026-09-25 11:29:11 | Log uploaded to GitHub: logs/2026-09-25.log
2026-09-25 11:59:11 | Log uploaded to GitHub: logs/2026-09-25.log
2026-09-25 12:29:11 | Log uploaded to GitHub: logs/2026-09-25.log
2026-09-25 12:59:11 | Log uploaded to GitHub: logs/2026-09-25.log
2026-09-25 13:26:38 | Screen locked
2026-09-25 13:26:38 | Timer END   | Session #455 | Reason: locked | Today: 4:41
2026-09-25 13:26:38 | Screen locked
2026-09-25 13:26:38 | Monitor: off
2026-09-25 15:56:26 | Monitor: on
2026-09-25 15:56:46 | Screen unlocked
2026-09-25 15:56:46 | Timer START | Session #456 | UTC: 2026-09-25T22:56:46.2162964Z
2026-09-25 15:56:46 | Screen unlocked
2026-09-25 15:58:53 | Log uploaded to GitHub: logs/2026-09-25.log
2026-09-25 16:28:53 | Log uploaded to GitHub: logs/2026-09-25.log
2026-09-25 16:42:37 | Screen locked
2026-09-25 16:42:37 | Timer END   | Session #456 | Reason: locked | Today: 5:27
2026-09-25 16:42:38 | Screen locked
2026-09-25 16:42:38 | Monitor: off
2026-09-25 19:26:19 | Monitor: on
2026-09-25 19:26:24 | Screen unlocked
2026-09-25 19:26:24 | Timer START | Session #457 | UTC: 2026-09-26T02:26:24.2246623Z
2026-09-25 19:26:24 | Screen unlocked
