2026-10-03 08:26:09 | App started
2026-10-03 08:26:09 | Tracker initialized
2026-10-03 08:26:09 | Timer START | Session #480 | UTC: 2026-10-03T15:26:09.6942319Z
2026-10-03 08:26:09 | Monitor: on
2026-10-03 08:26:41 | Log uploaded to GitHub: logs/2026-10-03.log
2026-10-03 08:56:41 | Log uploaded to GitHub: logs/2026-10-03.log
2026-10-03 09:24:16 | Screen locked
2026-10-03 09:24:17 | Timer END   | Session #480 | Reason: locked | Today: 0:58
2026-10-03 09:24:17 | Screen locked
2026-10-03 09:24:17 | Monitor: off
2026-10-03 15:38:16 | Monitor: on
2026-10-03 15:38:25 | Screen unlocked
2026-10-03 15:38:25 | Timer START | Session #481 | UTC: 2026-10-03T22:38:25.9415775Z
2026-10-03 15:38:25 | Screen unlocked
2026-10-03 15:40:36 | Log uploaded to GitHub: logs/2026-10-03.log
2026-10-03 16:10:36 | Log uploaded to GitHub: logs/2026-10-03.log
2026-10-03 16:40:36 | Log uploaded to GitHub: logs/2026-10-03.log
2026-10-03 16:45:31 | Screen locked
2026-10-03 16:45:31 | Timer END   | Session #481 | Reason: locked | Today: 2:05
2026-10-03 16:45:31 | Screen locked
2026-10-03 16:45:31 | Monitor: off
2026-10-03 17:22:22 | App started
2026-10-03 17:22:22 | Tracker initialized
2026-10-03 17:22:22 | Timer START | Session #482 | UTC: 2026-10-04T00:22:22.5418332Z
2026-10-03 17:22:22 | Monitor: on
2026-10-03 17:22:27 | Screen locked
2026-10-03 17:22:27 | Timer END   | Session #482 | Reason: locked | Today: 2:05
2026-10-03 17:22:27 | Screen locked
2026-10-03 17:22:27 | Monitor: off
2026-10-03 17:24:12 | Monitor: on
2026-10-03 17:24:22 | Screen unlocked
2026-10-03 17:24:22 | Timer START | Session #483 | UTC: 2026-10-04T00:24:22.6624489Z
2026-10-03 17:24:22 | Screen unlocked
