2026-06-29 07:22:39 | Monitor: on
2026-06-29 07:22:59 | Screen unlocked
2026-06-29 07:22:59 | New day boundary — reset counters
2026-06-29 07:22:59 | Timer START | Session #282 | UTC: 2026-06-29T14:22:59.9815546Z
2026-06-29 07:22:59 | Screen unlocked
2026-06-29 07:47:26 | Log uploaded to GitHub: logs/2026-06-29.log
2026-06-29 08:17:26 | Log uploaded to GitHub: logs/2026-06-29.log
2026-06-29 08:47:26 | Log uploaded to GitHub: logs/2026-06-29.log
2026-06-29 09:17:26 | Log uploaded to GitHub: logs/2026-06-29.log
2026-06-29 09:28:03 | Screen locked
2026-06-29 09:28:03 | Timer END   | Session #282 | Reason: locked | Today: 2:05
2026-06-29 09:28:04 | Monitor: off
2026-06-29 09:28:04 | Screen locked
2026-06-29 11:53:00 | Monitor: on
2026-06-29 11:53:07 | Screen unlocked
2026-06-29 11:53:07 | Timer START | Session #283 | UTC: 2026-06-29T18:53:07.8325202Z
2026-06-29 11:53:07 | Screen unlocked
2026-06-29 12:08:23 | Screen locked
2026-06-29 12:08:23 | Timer END   | Session #283 | Reason: locked | Today: 2:20
2026-06-29 12:08:23 | Monitor: off
2026-06-29 12:08:23 | Screen locked
2026-06-29 12:46:40 | Monitor: on
2026-06-29 12:46:48 | Screen unlocked
2026-06-29 12:46:48 | Timer START | Session #284 | UTC: 2026-06-29T19:46:48.6818179Z
2026-06-29 12:46:48 | Screen unlocked
