2026-06-20 08:49:46 | Monitor: on
2026-06-20 08:50:05 | Screen unlocked
2026-06-20 08:50:05 | New day boundary — reset counters
2026-06-20 08:50:05 | Timer START | Session #252 | UTC: 2026-06-20T15:50:05.5738174Z
2026-06-20 08:50:05 | Screen unlocked
2026-06-20 09:02:21 | Log uploaded to GitHub: logs/2026-06-20.log
2026-06-20 09:32:21 | Log uploaded to GitHub: logs/2026-06-20.log
2026-06-20 09:42:51 | Screen locked
2026-06-20 09:42:51 | Timer END   | Session #252 | Reason: locked | Today: 0:52
2026-06-20 09:42:51 | Screen locked
2026-06-20 09:42:51 | Monitor: off
2026-06-20 12:38:39 | Monitor: on
2026-06-20 12:38:45 | Screen unlocked
2026-06-20 12:38:45 | Timer START | Session #253 | UTC: 2026-06-20T19:38:45.0159470Z
2026-06-20 12:38:45 | Screen unlocked
2026-06-20 12:56:40 | Screen locked
2026-06-20 12:56:40 | Timer END   | Session #253 | Reason: locked | Today: 1:10
2026-06-20 12:56:40 | Screen locked
2026-06-20 12:56:40 | Monitor: off
2026-06-20 12:57:45 | Monitor: on
2026-06-20 12:57:49 | Screen unlocked
2026-06-20 12:57:49 | Timer START | Session #254 | UTC: 2026-06-20T19:57:49.8732311Z
2026-06-20 12:57:49 | Screen unlocked
