2026-08-21 07:19:42 | Monitor: on
2026-08-21 07:19:59 | Screen unlocked
2026-08-21 07:19:59 | New day boundary — reset counters
2026-08-21 07:19:59 | Timer START | Session #416 | UTC: 2026-08-21T14:19:59.0236509Z
2026-08-21 07:19:59 | Screen unlocked
2026-08-21 07:28:06 | Log uploaded to GitHub: logs/2026-08-21.log
2026-08-21 07:58:06 | Log uploaded to GitHub: logs/2026-08-21.log
2026-08-21 08:16:13 | Screen locked
2026-08-21 08:16:13 | Timer END   | Session #416 | Reason: locked | Today: 0:56
2026-08-21 08:16:13 | Monitor: off
2026-08-21 08:16:13 | Screen locked
2026-08-21 08:25:34 | Monitor: on
2026-08-21 08:25:53 | Screen unlocked
2026-08-21 08:25:53 | Timer START | Session #417 | UTC: 2026-08-21T15:25:53.1946552Z
2026-08-21 08:25:53 | Screen unlocked
2026-08-21 08:37:22 | Log uploaded to GitHub: logs/2026-08-21.log
2026-08-21 08:40:37 | Screen locked
2026-08-21 08:40:37 | Timer END   | Session #417 | Reason: locked | Today: 1:10
2026-08-21 08:40:37 | Screen locked
2026-08-21 08:40:37 | Monitor: off
2026-08-21 16:24:49 | Monitor: on
2026-08-21 16:24:54 | Screen unlocked
2026-08-21 16:24:54 | Timer START | Session #418 | UTC: 2026-08-21T23:24:54.3929698Z
2026-08-21 16:24:54 | Screen unlocked
