2026-04-26 03:58:32 UTC | App started
2026-04-26 03:58:32 UTC | Tracker initialized
2026-04-26 03:58:32 UTC | Session started
2026-04-26 03:58:32 UTC | Monitor: on
2026-04-26 03:59:12 UTC | Screen locked
2026-04-26 03:59:12 UTC | Session ended — today total: 1:42
2026-04-26 03:59:12 UTC | Screen locked
2026-04-26 03:59:12 UTC | Monitor: off
2026-04-26 14:26:37 UTC | Monitor: on
2026-04-26 14:26:50 UTC | Screen unlocked
2026-04-26 14:26:50 UTC | Screen unlocked
2026-04-26 14:41:27 UTC | Update found: 1.0.9 — downloading
2026-04-26 14:41:30 UTC | Update downloaded, restarting
2026-04-26 14:41:38 UTC | App started
2026-04-26 14:41:38 UTC | Tracker initialized
2026-04-26 14:41:38 UTC | Session started
2026-04-26 14:41:38 UTC | Monitor: on
2026-04-26 14:42:09 UTC | Log uploaded to GitHub
2026-04-26 15:12:09 UTC | Log uploaded to GitHub
2026-04-26 15:42:09 UTC | Log uploaded to GitHub
2026-04-26 16:12:09 UTC | Log uploaded to GitHub
2026-04-26 16:42:09 UTC | Log uploaded to GitHub
2026-04-26 16:42:40 UTC | Screen locked
2026-04-26 16:42:40 UTC | Session ended — today total: 2:01
2026-04-26 16:42:40 UTC | Screen locked
2026-04-26 16:42:40 UTC | Monitor: off
2026-04-26 16:49:57 UTC | Monitor: on
2026-04-26 16:50:03 UTC | Screen unlocked
2026-04-26 16:50:03 UTC | Screen unlocked
2026-04-26 17:05:25 UTC | Screen locked
2026-04-26 17:05:25 UTC | Screen locked
2026-04-26 17:05:25 UTC | Monitor: off
2026-04-26 17:36:25 UTC | Monitor: on
2026-04-26 17:36:40 UTC | Screen unlocked
2026-04-26 17:36:40 UTC | Screen unlocked
2026-04-26 17:50:16 UTC | Log uploaded to GitHub
2026-04-26 17:51:51 UTC | Screen locked
2026-04-26 17:51:51 UTC | Screen locked
2026-04-26 17:51:51 UTC | Monitor: off
2026-04-26 19:37:17 UTC | Monitor: on
2026-04-26 19:37:23 UTC | Screen unlocked
2026-04-26 19:37:23 UTC | Screen unlocked
2026-04-26 20:05:37 UTC | Log uploaded to GitHub
2026-04-26 20:07:56 UTC | Screen locked
2026-04-26 20:07:56 UTC | Screen locked
2026-04-26 20:07:57 UTC | Monitor: off
2026-04-26 22:30:03 UTC | Monitor: on
2026-04-26 22:30:07 UTC | Screen unlocked
2026-04-26 22:30:07 UTC | Screen unlocked
2026-04-26 22:45:39 UTC | Screen locked
2026-04-26 22:45:39 UTC | Screen locked
2026-04-26 22:45:39 UTC | Monitor: off
2026-04-27 00:25:20 UTC | Monitor: on
2026-04-27 00:25:22 UTC | Screen unlocked
2026-04-27 00:25:22 UTC | Screen unlocked
2026-04-27 00:37:13 UTC | Log uploaded to GitHub
2026-04-27 00:43:41 UTC | Monitor: dimmed
2026-04-27 00:43:41 UTC | Session started
2026-04-27 00:43:56 UTC | Monitor: off
2026-04-27 00:43:56 UTC | Session ended — today total: 2:01
2026-04-27 01:03:33 UTC | Monitor: on
2026-04-27 01:03:33 UTC | Session started
2026-04-27 01:07:13 UTC | Log uploaded to GitHub
2026-04-27 01:37:13 UTC | Log uploaded to GitHub
2026-04-27 01:39:16 UTC | Screen locked
2026-04-27 01:39:16 UTC | Session ended — today total: 2:36
2026-04-27 01:39:17 UTC | Screen locked
2026-04-27 01:39:17 UTC | Monitor: off
2026-04-27 03:56:30 UTC | Monitor: on
2026-04-27 03:56:35 UTC | Screen unlocked
2026-04-27 03:56:35 UTC | Screen unlocked
2026-04-27 03:56:49 UTC | Daily report sent: 2 hours and 36 minutes
2026-04-27 04:00:26 UTC | Screen locked
2026-04-27 04:00:26 UTC | Screen locked
2026-04-27 04:00:27 UTC | Monitor: off
2026-04-27 13:39:22 UTC | Monitor: on
2026-04-27 13:39:28 UTC | Screen unlocked
2026-04-27 13:39:28 UTC | Screen unlocked
2026-04-27 13:48:11 UTC | Update found: 1.0.10 — downloading
2026-04-27 13:48:14 UTC | Update downloaded, restarting
2026-04-27 13:48:26 UTC | App started
2026-04-27 13:48:26 UTC | Tracker initialized
2026-04-27 13:48:26 UTC | Session started
2026-04-27 13:48:26 UTC | Monitor: on
2026-04-27 13:48:58 UTC | Log uploaded to GitHub
2026-04-27 14:18:58 UTC | Log uploaded to GitHub
2026-04-27 14:48:58 UTC | Log uploaded to GitHub
2026-04-27 15:18:58 UTC | Log uploaded to GitHub
2026-04-27 15:20:29 UTC | Screen locked
2026-04-27 15:20:29 UTC | Session ended — today total: 1:32
2026-04-27 15:20:30 UTC | Screen locked
2026-04-27 15:20:30 UTC | Monitor: off
2026-04-27 15:26:56 UTC | Monitor: on
2026-04-27 15:27:05 UTC | Screen unlocked
2026-04-27 15:27:05 UTC | Session started
2026-04-27 15:27:05 UTC | Screen unlocked
2026-04-27 15:55:16 UTC | Log uploaded to GitHub
2026-04-27 16:01:32 UTC | Screen locked
2026-04-27 16:01:32 UTC | Session ended — today total: 2:06
2026-04-27 16:01:33 UTC | Monitor: off
2026-04-27 16:01:33 UTC | Screen locked
2026-04-27 16:25:12 UTC | Monitor: on
2026-04-27 16:25:23 UTC | Screen unlocked
2026-04-27 16:25:23 UTC | Session started
2026-04-27 16:25:23 UTC | Screen unlocked
2026-04-27 16:40:36 UTC | Screen locked
2026-04-27 16:40:36 UTC | Session ended — today total: 2:21
2026-04-27 16:40:37 UTC | Screen locked
2026-04-27 16:40:37 UTC | Monitor: off
2026-04-27 17:06:30 UTC | Monitor: on
2026-04-27 17:06:34 UTC | Screen unlocked
2026-04-27 17:06:34 UTC | Session started
2026-04-27 17:06:34 UTC | Screen unlocked
2026-04-27 17:14:35 UTC | Log uploaded to GitHub
2026-04-27 17:22:00 UTC | Screen locked
2026-04-27 17:22:00 UTC | Session ended — today total: 2:37
2026-04-27 17:22:01 UTC | Monitor: off
2026-04-27 17:22:01 UTC | Screen locked
2026-04-27 19:15:47 UTC | Monitor: on
2026-04-27 19:15:50 UTC | Screen unlocked
2026-04-27 19:15:50 UTC | Session started
2026-04-27 19:15:50 UTC | Screen unlocked
2026-04-27 19:23:19 UTC | Update found: 1.0.11 — downloading
2026-04-27 19:23:22 UTC | Update downloaded, restarting
2026-04-27 19:23:31 UTC | App started
2026-04-27 19:23:31 UTC | Tracker initialized
2026-04-27 19:23:32 UTC | Session started
2026-04-27 19:23:32 UTC | Monitor: on
2026-04-27 19:24:03 UTC | Log uploaded to GitHub
2026-04-27 19:26:46 UTC | Screen locked
2026-04-27 19:26:46 UTC | Session ended — today total: 2:48
2026-04-27 19:26:47 UTC | Monitor: off
2026-04-27 19:26:47 UTC | Screen locked
2026-04-27 19:28:21 UTC | Monitor: on
2026-04-27 19:28:26 UTC | Screen unlocked
2026-04-27 19:28:26 UTC | Session started
2026-04-27 19:28:26 UTC | Screen unlocked
2026-04-27 19:55:31 UTC | Log uploaded to GitHub
2026-04-27 20:03:25 UTC | Screen locked
2026-04-27 20:03:25 UTC | Session ended — today total: 3:23
2026-04-27 20:03:25 UTC | Monitor: off
2026-04-27 20:03:25 UTC | Screen locked
2026-04-27 20:41:20 UTC | Monitor: on
2026-04-27 20:41:24 UTC | Screen unlocked
2026-04-27 20:41:24 UTC | Session started
2026-04-27 20:41:24 UTC | Screen unlocked
2026-04-27 20:56:40 UTC | Screen locked
2026-04-27 20:56:40 UTC | Session ended — today total: 3:38
2026-04-27 20:56:40 UTC | Screen locked
2026-04-27 20:56:40 UTC | Monitor: off
2026-04-28 02:00:58 UTC | Monitor: on
2026-04-28 02:01:04 UTC | Screen unlocked
2026-04-28 02:01:04 UTC | Session started
2026-04-28 02:01:04 UTC | Screen unlocked
2026-04-28 02:07:30 UTC | Log uploaded to GitHub
2026-04-28 02:30:45 UTC | Screen locked
2026-04-28 02:30:45 UTC | Session ended — today total: 4:07
2026-04-28 02:30:45 UTC | Screen locked
2026-04-28 02:30:45 UTC | Monitor: off
2026-04-28 02:40:12 UTC | Monitor: on
2026-04-28 02:40:16 UTC | Screen unlocked
2026-04-28 02:40:16 UTC | Session started
2026-04-28 02:40:16 UTC | Screen unlocked
2026-04-28 02:46:49 UTC | Log uploaded to GitHub
2026-04-28 02:55:40 UTC | Screen locked
2026-04-28 02:55:40 UTC | Session ended — today total: 4:23
2026-04-28 02:55:41 UTC | Monitor: off
2026-04-28 02:55:41 UTC | Screen locked
2026-04-28 03:44:16 UTC | Monitor: on
2026-04-28 03:44:20 UTC | Screen unlocked
2026-04-28 03:44:20 UTC | Session started
2026-04-28 03:44:20 UTC | Screen unlocked
2026-04-28 03:45:49 UTC | Daily report sent: 4 hours and 24 minutes
2026-04-28 04:05:18 UTC | Log uploaded to GitHub
2026-04-28 04:11:25 UTC | Monitor: dimmed
2026-04-28 04:11:40 UTC | Monitor: off
2026-04-28 04:11:40 UTC | Session ended — today total: 4:50
2026-04-28 04:35:18 UTC | Log uploaded to GitHub
2026-04-28 05:05:18 UTC | Log uploaded to GitHub
2026-04-28 05:35:18 UTC | Log uploaded to GitHub
2026-04-28 06:05:18 UTC | Log uploaded to GitHub
2026-04-28 06:35:18 UTC | Log uploaded to GitHub
2026-04-28 07:05:18 UTC | Log uploaded to GitHub
2026-04-28 07:35:18 UTC | Log uploaded to GitHub
2026-04-28 08:05:18 UTC | Log uploaded to GitHub
2026-04-28 08:35:18 UTC | Log uploaded to GitHub
2026-04-28 09:05:18 UTC | Log uploaded to GitHub
2026-04-28 09:35:18 UTC | Log uploaded to GitHub
2026-04-28 10:05:18 UTC | Log uploaded to GitHub
2026-04-28 10:35:18 UTC | Log uploaded to GitHub
2026-04-28 11:05:18 UTC | Log uploaded to GitHub
2026-04-28 11:35:16 UTC | Log uploaded to GitHub
2026-04-28 12:05:16 UTC | Log uploaded to GitHub
2026-04-28 12:35:16 UTC | Log uploaded to GitHub
2026-04-28 13:05:16 UTC | Log uploaded to GitHub
2026-04-28 13:35:17 UTC | Log uploaded to GitHub
2026-04-28 14:05:16 UTC | Log uploaded to GitHub
2026-04-28 14:35:16 UTC | Log uploaded to GitHub
2026-04-28 15:05:16 UTC | Log uploaded to GitHub
2026-04-28 15:35:16 UTC | Log uploaded to GitHub
2026-04-28 16:05:16 UTC | Log uploaded to GitHub
2026-04-28 16:35:16 UTC | Log uploaded to GitHub
2026-04-28 17:05:16 UTC | Log uploaded to GitHub
2026-04-28 17:35:16 UTC | Log uploaded to GitHub
2026-04-28 18:05:16 UTC | Log uploaded to GitHub
2026-04-28 18:35:16 UTC | Log uploaded to GitHub
2026-04-28 19:05:16 UTC | Log uploaded to GitHub
2026-04-28 19:20:15 UTC | Update check failed: No such host is known. (api.github.com:443)
2026-04-28 19:35:15 UTC | Log upload failed: No such host is known. (api.github.com:443)
2026-04-28 19:35:15 UTC | Update check failed: No such host is known. (api.github.com:443)
2026-04-28 19:50:26 UTC | Update check failed: No such host is known. (api.github.com:443)
2026-04-28 20:05:25 UTC | Log upload failed: The SSL connection could not be established, see inner exception.
2026-04-28 20:05:46 UTC | Update check failed: The SSL connection could not be established, see inner exception.
2026-04-28 20:35:16 UTC | Log uploaded to GitHub
2026-04-28 21:05:16 UTC | Log uploaded to GitHub
2026-04-28 21:35:16 UTC | Log uploaded to GitHub
2026-04-28 22:05:17 UTC | Log uploaded to GitHub
2026-04-28 22:34:47 UTC | Monitor: on
2026-04-28 22:34:47 UTC | Session started
2026-04-28 22:35:17 UTC | Log uploaded to GitHub
2026-04-28 22:43:06 UTC | Screen locked
2026-04-28 22:43:06 UTC | Session ended — today total: 0:08
2026-04-28 22:43:07 UTC | Monitor: off
2026-04-28 22:43:07 UTC | Screen locked
2026-04-28 22:48:02 UTC | Monitor: on
2026-04-28 22:49:04 UTC | Monitor: off
2026-04-28 23:10:06 UTC | Log uploaded to GitHub
2026-04-28 23:20:55 UTC | Monitor: on
2026-04-28 23:21:00 UTC | Screen unlocked
2026-04-28 23:21:00 UTC | Session started
2026-04-28 23:21:00 UTC | Screen unlocked
2026-04-28 23:40:06 UTC | Log uploaded to GitHub
2026-04-29 00:01:45 UTC | Monitor: dimmed
2026-04-29 00:02:00 UTC | Monitor: off
2026-04-29 00:02:00 UTC | Session ended — today total: 0:49
2026-04-29 00:10:06 UTC | Log uploaded to GitHub
2026-04-29 00:29:28 UTC | Monitor: on
2026-04-29 00:29:28 UTC | Session started
2026-04-29 00:40:06 UTC | Log uploaded to GitHub
2026-04-29 00:46:39 UTC | Screen locked
2026-04-29 00:46:39 UTC | Session ended — today total: 1:06
2026-04-29 00:46:39 UTC | Monitor: off
2026-04-29 00:46:39 UTC | Screen locked
2026-04-29 01:14:55 UTC | Monitor: on
2026-04-29 01:15:01 UTC | Screen unlocked
2026-04-29 01:15:01 UTC | Session started
2026-04-29 01:15:01 UTC | Screen unlocked
2026-04-29 01:38:14 UTC | Log uploaded to GitHub
2026-04-29 02:07:56 UTC | Screen locked
2026-04-29 02:07:56 UTC | Session ended — today total: 1:59
2026-04-29 02:07:56 UTC | Screen locked
2026-04-29 02:07:56 UTC | Monitor: off
2026-04-29 02:15:56 UTC | Monitor: on
2026-04-29 02:16:01 UTC | Screen unlocked
2026-04-29 02:16:01 UTC | Session started
2026-04-29 02:16:01 UTC | Screen unlocked
2026-04-29 02:16:06 UTC | Log uploaded to GitHub
2026-04-29 02:31:19 UTC | Screen locked
2026-04-29 02:31:19 UTC | Session ended — today total: 2:14
2026-04-29 02:31:20 UTC | Screen locked
2026-04-29 02:31:20 UTC | Monitor: off
2026-04-29 02:37:11 UTC | Monitor: on
2026-04-29 02:37:15 UTC | Screen unlocked
2026-04-29 02:37:15 UTC | Session started
2026-04-29 02:37:15 UTC | Screen unlocked
2026-04-29 02:51:51 UTC | Log uploaded to GitHub
2026-04-29 02:52:37 UTC | Screen locked
2026-04-29 02:52:37 UTC | Session ended — today total: 2:30
2026-04-29 02:52:37 UTC | Monitor: off
2026-04-29 02:52:37 UTC | Screen locked
2026-04-29 03:59:19 UTC | Monitor: on
2026-04-29 03:59:24 UTC | Screen unlocked
2026-04-29 03:59:24 UTC | Session started
2026-04-29 03:59:24 UTC | Screen unlocked
2026-04-29 03:59:56 UTC | Daily report sent: 2 hours and 30 minutes
2026-04-29 04:00:27 UTC | Screen locked
2026-04-29 04:00:28 UTC | Session ended — today total: 2:31
2026-04-29 04:00:28 UTC | Monitor: off
2026-04-29 04:00:28 UTC | Screen locked
2026-04-29 22:11:12 UTC | Monitor: on
2026-04-29 22:11:49 UTC | Screen unlocked
2026-04-29 22:11:49 UTC | Session started
2026-04-29 22:11:49 UTC | Screen unlocked
2026-04-29 22:39:04 UTC | Log uploaded to GitHub
2026-04-29 23:09:03 UTC | Log uploaded to GitHub
2026-04-29 23:23:35 UTC | Screen locked
2026-04-29 23:23:35 UTC | Session ended — today total: 1:11
2026-04-29 23:23:35 UTC | Screen locked
2026-04-29 23:23:35 UTC | Monitor: off
2026-04-29 23:44:22 UTC | Monitor: on
2026-04-29 23:44:26 UTC | Screen unlocked
2026-04-29 23:44:26 UTC | Session started
2026-04-29 23:44:26 UTC | Screen unlocked
2026-04-29 23:59:42 UTC | Log uploaded to GitHub
2026-04-30 00:03:21 UTC | Screen locked
2026-04-30 00:03:21 UTC | Session ended — today total: 1:30
2026-04-30 00:03:21 UTC | Screen locked
2026-04-30 00:03:21 UTC | Monitor: off
2026-04-30 00:07:18 UTC | Monitor: on
2026-04-30 00:07:23 UTC | Screen unlocked
2026-04-30 00:07:23 UTC | Session started
2026-04-30 00:07:23 UTC | Screen unlocked
2026-04-30 00:07:59 UTC | Screen locked
2026-04-30 00:07:59 UTC | Session ended — today total: 1:31
2026-04-30 00:07:59 UTC | Monitor: off
2026-04-30 00:07:59 UTC | Screen locked
2026-05-01 00:39:02 UTC | Monitor: on
2026-05-01 00:39:06 UTC | Screen unlocked
2026-05-01 00:39:06 UTC | Session started
2026-05-01 00:39:06 UTC | Screen unlocked
2026-05-01 01:03:38 UTC | Screen locked
2026-05-01 01:03:38 UTC | Session ended — today total: 0:24
2026-05-01 01:03:39 UTC | Screen locked
2026-05-01 01:03:39 UTC | Monitor: off
2026-05-01 01:42:48 UTC | Monitor: on
2026-05-01 01:42:54 UTC | Screen unlocked
2026-05-01 01:42:54 UTC | Session started
2026-05-01 01:42:54 UTC | Screen unlocked
2026-05-01 01:43:30 UTC | Log uploaded to GitHub
2026-05-01 02:13:30 UTC | Log uploaded to GitHub
2026-05-01 02:13:34 UTC | Update found: 1.0.12 — downloading
2026-05-01 02:13:37 UTC | Update downloaded, restarting
2026-05-01 02:13:46 UTC | App started
2026-05-01 02:13:46 UTC | Tracker initialized
2026-05-01 02:13:48 UTC | Session started
2026-05-01 02:13:48 UTC | Monitor: on
2026-05-01 02:14:19 UTC | Log uploaded to GitHub
2026-05-01 02:43:25 UTC | Screen locked
2026-05-01 02:43:25 UTC | Session ended — today total: 1:25
2026-05-01 02:43:25 UTC | Screen locked
2026-05-01 02:43:25 UTC | Monitor: off
2026-05-01 02:44:09 UTC | Monitor: on
2026-05-01 02:44:13 UTC | Screen unlocked
2026-05-01 02:44:13 UTC | Session started
2026-05-01 02:44:13 UTC | Screen unlocked
2026-05-01 02:44:56 UTC | Log uploaded to GitHub
2026-05-01 03:14:32 UTC | Screen locked
2026-05-01 03:14:32 UTC | Session ended — today total: 1:55
2026-05-01 03:14:32 UTC | Screen locked
2026-05-01 03:14:32 UTC | Monitor: off
2026-05-01 03:22:43 UTC | Monitor: on
2026-05-01 03:23:00 UTC | Log uploaded to GitHub
2026-05-01 03:23:03 UTC | Screen unlocked
2026-05-01 03:23:03 UTC | Session started
2026-05-01 03:23:03 UTC | Screen unlocked
2026-05-01 03:38:13 UTC | Screen locked
2026-05-01 03:38:13 UTC | Session ended — today total: 2:10
2026-05-01 03:38:14 UTC | Monitor: off
2026-05-01 03:38:14 UTC | Screen locked
2026-05-01 16:31:38 UTC | Monitor: on
2026-05-01 16:31:55 UTC | Screen unlocked
2026-05-01 16:31:55 UTC | Session started
2026-05-01 16:31:55 UTC | Screen unlocked
2026-05-01 16:36:41 UTC | Monitor: dimmed
2026-05-01 16:36:56 UTC | Monitor: off
2026-05-01 16:36:56 UTC | Session ended — today total: 0:05
2026-05-01 16:46:18 UTC | Log uploaded to GitHub
2026-05-01 17:16:18 UTC | Log uploaded to GitHub
2026-05-01 17:46:18 UTC | Log uploaded to GitHub
2026-05-01 18:16:18 UTC | Log uploaded to GitHub
2026-05-01 18:46:18 UTC | Log uploaded to GitHub
2026-05-01 19:16:19 UTC | Log uploaded to GitHub
2026-05-01 19:46:18 UTC | Log uploaded to GitHub
